
Gurobi 13.0.2 (win64) logging started Thu Sep 17 06:22:36 2026

Set parameter LogFile to value "Optimization/gudenaa_new_area_200m_global30_feasible_network_repair/gudenaa_new_area_200m_global30_feasible_network_repair_stage1_feasibility_gurobi.log"
Set parameter OutputFlag to value 1
Set parameter InfUnbdInfo to value 1
Gurobi Optimizer version 13.0.2 build v13.0.2rc1 (win64 - Windows Server 2022.0 (20348.2))

CPU model: Intel(R) Xeon(R) Gold 6248R CPU @ 3.00GHz, instruction set [SSE2|AVX|AVX2|AVX512]
Thread count: 48 physical cores, 96 logical processors, using up to 32 threads

Non-default parameters:
TimeLimit  10800
MIPGap  0
InfUnbdInfo  1

Optimize a model with 369633 rows, 192219 columns and 960604 nonzeros (Min)
Model fingerprint: 0x4530d066
Model has 5 linear objective coefficients
Variable types: 45296 continuous, 146923 integer (0 binary)
Coefficient statistics:
  Matrix range     [5e-04, 9e+03]
  Objective range  [2e-04, 1e-03]
  Bounds range     [1e+00, 5e+03]
  RHS range        [1e+00, 1e+04]

Loaded user MIP start with objective 5

Presolve removed 280089 rows and 136207 columns
Presolve time: 4.27s
Presolved: 89544 rows, 56012 columns, 278678 nonzeros
Variable types: 34746 continuous, 21266 integer (20957 binary)
Deterministic concurrent LP optimizer: primal and dual simplex
Showing primal log only...


Root simplex log...

Iteration    Objective       Primal Inf.    Dual Inf.      Time
    3490    4.9989932e+00   0.000000e+00   6.127433e+01      5s
Concurrent spin time: 0.00s

Solved with dual simplex

Root simplex log...

Iteration    Objective       Primal Inf.    Dual Inf.      Time
   12258    0.0000000e+00   0.000000e+00   0.000000e+00      7s

Root relaxation: objective 0.000000e+00, 12258 iterations, 2.41 seconds (2.46 work units)

    Nodes    |    Current Node    |     Objective Bounds      |     Work
 Expl Unexpl |  Obj  Depth IntInf | Incumbent    BestBd   Gap | It/Node Time

     0     0    0.00000    0  424    5.00000    0.00000   100%     -    9s
H    0     0                       4.9898747    0.00000   100%     -   10s
     0     0    0.00000    0  894    4.98987    0.00000   100%     -   15s
     0     0    0.00000    0  990    4.98987    0.00000   100%     -   16s
     0     0    0.00000    0 1060    4.98987    0.00000   100%     -   20s
     0     0    0.00000    0  176    4.98987    0.00000   100%     -   22s
H    0     0                       4.9794847    0.00000   100%     -   23s
H    0     0                       4.9758347    0.00000   100%     -   23s
H    0     0                       4.9736487    0.00000   100%     -   23s
H    0     0                       4.9715460    0.00000   100%     -   23s
H    0     0                       4.9683860    0.00000   100%     -   23s
H    0     0                       4.7395106    0.00000   100%     -   23s
H    0     0                       4.6684441    0.00000   100%     -   24s
H    0     0                       4.6648941    0.00000   100%     -   24s
H    0     0                       4.6618881    0.00000   100%     -   24s
H    0     0                       4.6521481    0.00000   100%     -   24s
H    0     0                       4.6025881    0.00000   100%     -   24s
     0     0    0.00000    0  556    4.60259    0.00000   100%     -   25s
     0     0    0.00000    0  765    4.60259    0.00000   100%     -   28s
     0     0    0.00000    0  765    4.60259    0.00000   100%     -   28s
     0     0    0.00000    0  178    4.60259    0.00000   100%     -   31s
H    0     0                       4.4710175    0.00000   100%     -   32s
     0     0    0.00000    0  495    4.47102    0.00000   100%     -   32s
     0     0    0.00000    0  799    4.47102    0.00000   100%     -   34s
     0     0    0.00000    0  215    4.47102    0.00000   100%     -   36s
H    0     0                       4.4673675    0.00000   100%     -   37s
H    0     0                       4.4568075    0.00000   100%     -   37s
H    0     0                       4.4493275    0.00000   100%     -   37s
H    0     0                       4.4456475    0.00000   100%     -   37s
H    0     0                       4.4454495    0.00000   100%     -   37s
H    0     0                       4.4227935    0.00000   100%     -   37s
     0     0    0.00000    0  601    4.42279    0.00000   100%     -   38s
     0     0    0.00000    0  831    4.42279    0.00000   100%     -   41s
     0     0    0.00000    0  831    4.42279    0.00000   100%     -   41s
     0     0    0.00000    0  175    4.42279    0.00000   100%     -   45s
H    0     0                       4.4020139    0.00000   100%     -   45s
H    0     0                       4.2323323    0.00000   100%     -   45s
H    0     0                       4.2306823    0.00000   100%     -   45s
H    0     0                       4.2109333    0.00000   100%     -   46s
     0     0    0.00000    0  346    4.21093    0.00000   100%     -   46s
H    0     0                       4.1901433    0.00000   100%     -   47s
     0     0    0.00000    0  546    4.19014    0.00000   100%     -   48s
     0     0    0.00000    0  157    4.19014    0.00000   100%     -   50s
     0     0    0.00000    0  356    4.19014    0.00000   100%     -   51s
H    0     0                       4.1211616    0.00000   100%     -   53s
H    0     0                       3.2437360    0.00000   100%     -   53s
H    0     0                       3.2437360    0.00000   100%     -   53s
     0     0    0.00000    0  565    3.24374    0.00000   100%     -   54s
     0     0    0.00000    0  565    3.24374    0.00000   100%     -   54s
     0     0    0.00000    0  179    3.24374    0.00000   100%     -   55s
     0     0    0.00000    0  179    3.24374    0.00000   100%     -   56s
     0     0    0.00000    0  133    3.24374    0.00000   100%     -   57s
     0     2    0.00000    0  120    3.24374    0.00000   100%     -   62s
H    7    16                       3.1871680    0.00000   100%  2471   67s
H    9    16                       3.1794476    0.00000   100%  2232   67s
H   15    32                       3.1754696    0.00000   100%  2988   69s
H   16    32                       3.1728476    0.00000   100%  2818   69s
H   17    32                       3.1728096    0.00000   100%  2751   69s
H   19    32                       3.1585476    0.00000   100%  2738   69s
H   20    32                       3.1571108    0.00000   100%  2603   69s
H   21    32                       3.1203696    0.00000   100%  2481   69s
H   23    32                       3.0682328    0.00000   100%  2268   69s
    31    60    0.00000    5  762    3.06823    0.00000   100%  2212   72s
H   32    60                       3.0678768    0.00000   100%  2142   72s
H   36    60                       3.0675208    0.00000   100%  2017   72s
H   46    60                       3.0666848    0.00000   100%  1941   72s
    63    92    0.00000    6  776    3.06668    0.00000   100%  2366  104s
H   64    92                       3.0663288    0.00000   100%  2329  104s
H   65    92                       3.0656848    0.00000   100%  2312  104s
H   71    92                       3.0646448    0.00000   100%  2224  104s
H   73    92                       3.0627048    0.00000   100%  2202  104s
H   95   132                       3.0596448    0.00000   100%  1910  118s
H   99   132                       2.9919680    0.00000   100%  1861  118s
H  106   132                       2.8890342    0.00000   100%  1762  118s
   135   284    0.00000    8  827    2.88903    0.00000   100%  1489  125s
   353   491    0.00000   16  812    2.88903    0.00000   100%   761  131s
   641   841    0.00000   26  863    2.88903    0.00000   100%   497  138s
   870  1145    0.00000   35  920    2.88903    0.00000   100%   411  142s
H 1190  1175                       2.8880342    0.00000   100%   337  168s
H 1191  1175                       2.8867442    0.00000   100%   337  168s
H 1196  1175                       2.8859942    0.00000   100%   335  168s
H 1199  1175                       2.8847942    0.00000   100%   335  168s
H 1206  1175                       2.8828042    0.00000   100%   335  168s
H 1220  1175                       2.8822142    0.00000   100%   331  168s
  1222  1656    0.00000   51  890    2.88221    0.00000   100%   331  173s
* 1615  1656              29       2.1604969    0.00000   100%   276  173s
  1733  1842    0.00000   71  909    2.16050    0.00000   100%   264  178s
  1955  2260    0.00000   73  854    2.16050    0.00000   100%   279  183s
H 2317  2260                       2.1016529    0.00000   100%   250  183s
  2426  3125    0.00000   78  877    2.10165    0.00000   100%   244  192s
  3363  3146    0.00000  104  961    2.10165    0.00000   100%   201  258s
  3400  3207    0.00000  105  944    2.10165    0.00000   100%   220  324s
H 3462  3207                       2.0719829    0.00000   100%   229  324s
  3475  3782    0.00000  106  913    2.07198    0.00000   100%   235  356s
H 3493  3782                       2.0441829    0.00000   100%   235  356s
H 3565  3782                       2.0242229    0.00000   100%   234  356s
H 4114  3782                       2.0067049    0.00000   100%   229  356s
* 4122  3765             122       1.2009470    0.00000   100%   228  356s
* 4123  3709             122       1.2003174    0.00000   100%   228  356s
  4126  5095    0.00000  123  644    1.20032    0.00000   100%   229  406s
H 4442  4961                       1.1532214    0.00000   100%   216  406s
H 4699  4942                       1.0336174    0.00000   100%   214  406s
  5638  6554    0.00000  164  742    1.03362    0.00000   100%   197  437s
  7592  7339 infeasible  186         1.03362    0.00000   100%   198  756s
H 7596  7224                       0.9420074    0.00000   100%   199  756s
H 7605  7224                       0.9381474    0.00000   100%   202  756s
H 7983  7222                       0.9121974    0.00000   100%   211  756s
* 8024  7151             157       0.8426431    0.00000   100%   210  756s
H 8568  6982                       0.8321331    0.00000   100%   207  763s
H 8568  6982                       0.8301231    0.00000   100%   207  770s
  8569  6971    0.62449  261  133    0.83012    0.00000   100%   207  786s
H 8570  6623                       0.8266731    0.00000   100%   206  844s
  8571  6623    0.00000  330  492    0.82667    0.00000   100%   206  845s
  8572  6624    0.62449  201  186    0.82667    0.00000   100%   206  879s
H 8572  6293                       0.8235031    0.00000   100%   206  880s
H 8572  5978                       0.8227711    0.00000   100%   206  880s
H 8572  5679                       0.8223151    0.00000   100%   206  880s
H 8572  5395                       0.8186351    0.00000   100%   206  880s
H 8572  5125                       0.8029451    0.00000   100%   206  880s
H 8572  4869                       0.7994951    0.00000   100%   206  895s
  8574  4870    0.00000   95  206    0.79950    0.00000   100%   206  912s
H 8574  4626                       0.7511857    0.00000   100%   206  922s
H 8574  4395                       0.7185457    0.00000   100%   206  922s
H 8574  4175                       0.4683964    0.00000   100%   206  922s
H 8574  3966                       0.4676664    0.00000   100%   206  922s
H 8574  3768                       0.4671913    0.00000   100%   206  922s
  8576  3770    0.08714  274  169    0.46719    0.00000   100%   206  941s
H 8576  3581                       0.4606319    0.00000   100%   206  941s
H 8576  3402                       0.4513619    0.00000   100%   206  941s
H 8576  3232                       0.4234119    0.00000   100%   206  941s
H 8576  3070                       0.4158279    0.00000   100%   206  942s
H 8576  2916                       0.4023679    0.00000   100%   206  942s
H 8576  2770                       0.3998679    0.00000   100%   206  942s
H 8576  2632                       0.3987679    0.00000   100%   206  942s
  8577  2632    0.08714  311  514    0.39877    0.00000   100%   206  948s
H 8577  2500                       0.3956955    0.00000   100%   206  949s
H 8577  2375                       0.3956935    0.00000   100%   206  949s
H 8577  2256                       0.3951835    0.00000   100%   206  949s
H 8577  2143                       0.3908135    0.00000   100%   206  961s
H 8577  2036                       0.3822335    0.00000   100%   206  961s
  8579  2038    0.38223   73  691    0.38223    0.00000   100%   206  970s
  8580  2038    0.37385   89  236    0.38223    0.00000   100%   206  983s
H 8580  1935                       0.3591986    0.00000   100%   206  984s
  8581  1936    0.35920   60  410    0.35920    0.00000   100%   206  989s
  8582  1937    0.35920   49  306    0.35920    0.00000   100%   206 1002s
  8583  1937    0.00000  224  511    0.35920    0.00000   100%   206 1009s
  8584  1938    0.00000  309  244    0.35920    0.00000   100%   206 1021s
H 8584  1841                       0.3587986    0.00000   100%   206 1022s
  8585  1842    0.00000   10  624    0.35880    0.00000   100%   206 1027s
  8586  1842    0.00000  109  267    0.35880    0.00000   100%   206 1040s
  8587  1843    0.35880  101  639    0.35880    0.00000   100%   206 1049s
  8588  1844    0.08707   57  322    0.35880    0.00000   100%   206 1059s
  8589  1844    0.35880   80  678    0.35880    0.00000   100%   206 1068s
  8590  1845    0.08714  102  341    0.35880    0.00000   100%   206 1089s
  8591  1846    0.08714  240  136    0.35880    0.00000   100%   206 1099s
  8592  1846    0.00000  148  136    0.35880    0.00000   100%   206 1104s
H 8592  1756                       0.3575866    0.00000   100%   254 1108s
  8593  1758    0.00000   12  170    0.35759    0.00000   100%   254 1111s
  8603  1763    0.00000   15  187    0.35759    0.00000   100%   256 1115s
  8611  1769    0.00000   16  186    0.35759    0.00000   100%   257 1143s
  8622  1781    0.00000   17  225    0.35759    0.00000   100%   265 1169s
  8643  1783    0.00000   18  238    0.35759    0.00000   100%   292 1202s
  8673  1847    0.00000   19  310    0.35759    0.00000   100%   339 1251s
  8776  1883 infeasible   21         0.35759    0.00000   100%   350 1271s
  8890  1871    0.00000   24  364    0.35759    0.00000   100%   367 1328s
  8933  1900    0.21596   24  184    0.35759    0.00000   100%   378 1378s
  8990  1905    0.00000   25  503    0.35759    0.00000   100%   391 1430s
  9025  1922    0.28439   25  261    0.35759    0.00000   100%   421 1483s
  9070  1934    0.00000   26  505    0.35759    0.00000   100%   425 1528s
  9109  1956    0.00000   27  518    0.35759    0.00000   100%   426 1563s
  9156  1976    0.00000   27  499    0.35759    0.00000   100%   428 1590s
  9204  1988    0.00000   28  518    0.35759    0.00000   100%   430 1613s
  9248  2010    0.28439   28  286    0.35759    0.00000   100%   433 1638s
  9298  2032    0.00000   29  546    0.35759    0.00000   100%   438 1655s
  9344  2048    0.28439   29  226    0.35759    0.00000   100%   442 1675s
  9387  2066    0.00000   30  548    0.35759    0.00000   100%   443 1690s
  9431  2095 infeasible   30         0.35759    0.00000   100%   445 1711s
  9482  2105    0.28439   31  282    0.35759    0.00000   100%   445 1744s
  9518  2121    0.00000   32  548    0.35759    0.00000   100%   449 1769s
  9559  2138 infeasible   32         0.35759    0.00000   100%   452 1802s
  9609  2151 infeasible   33         0.35759    0.00000   100%   456 1829s
H 9632  2055                       0.3575866    0.00000   100%   459 1829s
  9657  2087 infeasible   34         0.35759    0.00000   100%   461 1867s
  9727  2150    0.00000   36  545    0.35759    0.00000   100%   472 1911s
  9840  2194    0.00000   38  546    0.35759    0.00000   100%   497 1942s
  9949  2268    0.00000   40  544    0.35759    0.00000   100%   507 1978s
 10090  2397    0.00000   42  542    0.35759    0.00000   100%   520 2025s
 10301  2560    0.00000   45  541    0.35759    0.00000   100%   523 2067s
 10566  2770    0.00000   48  553    0.35759    0.00000   100%   520 2111s
 10924  2964    0.00000   51  551    0.35759    0.00000   100%   517 2246s
 11281  3275    0.00000   53  572    0.35759    0.00000   100%   510 2300s
 11825  3652    0.00000   57  577    0.35759    0.00000   100%   501 2348s
 12509  4304    0.28439   61  141    0.35759    0.00000   100%   490 2408s
 13542  4820    0.00000   65  468    0.35759    0.00000   100%   482 2441s
 14566  5700    0.00000   68  466    0.35759    0.00000   100%   468 2470s
 15575  6501    0.00000   70  468    0.35759    0.00000   100%   454 2502s
 16569  7053    0.00000   74  500    0.35759    0.00000   100%   447 2555s
 17303  7050    0.00000   77  495    0.35759    0.00000   100%   452 2721s
 17422  7196    0.28439   77  369    0.35759    0.00000   100%   462 2887s
 17612  7413    0.00000   78  496    0.35759    0.00000   100%   468 3003s
 17890  7633    0.28439   78  219    0.35759    0.00000   100%   472 3111s
 18204  7989    0.00000   79  495    0.35759    0.00000   100%   477 3197s
 18662  8478    0.28439   79  217    0.35759    0.00000   100%   480 3285s
 19317  9268    0.00000   80  538    0.35759    0.00000   100%   482 3382s
 20316 11515    0.00000   80  502    0.35759    0.00000   100%   485 3513s
 22907 14336    0.00000   83  500    0.35759    0.00000   100%   456 3653s
 26274 14433    0.00000   88  493    0.35759    0.00000   100%   420 4550s
H26500  9787                       0.2789677    0.00000   100%   429 4551s
 26599 10051 infeasible   91         0.27897    0.00000   100%   435 5097s
H26601 10051                       0.2705200    0.00000   100%   435 5097s
 27411 10752    0.00000   98  224    0.27052    0.00000   100%   449 5221s
 28664 11677    0.00000  110  242    0.27052    0.00000   100%   473 5398s
 30158 11802    0.00000  123  237    0.27052    0.00000   100%   486 5676s
 31074 11578    0.00000  135  243    0.27052    0.00000   100%   520 6731s
 31970 12099    0.00000  149  306    0.27052    0.00000   100%   584 7567s
 33621 12542    0.00000  189  184    0.27052    0.00000   100%   639 7995s
 35745 12405    0.25453  193  275    0.27052    0.00000   100%   720 10148s
 36077 13224    0.03811  171  425    0.27052    0.00000   100%   775 10773s
 37927 13198 infeasible  285         0.27052    0.00000   100%   836 10804s

Cutting planes:
  Learned: 38
  Gomory: 8
  Lift-and-project: 3
  Cover: 442
  Implied bound: 230
  Projected implied bound: 12
  Clique: 99
  MIR: 87
  StrongCG: 3
  Flow cover: 707
  GUB cover: 94
  Inf proof: 38
  Zero half: 5
  Network: 71
  RLT: 4
  Relax-and-lift: 267
  BQP: 74
  PSD: 2

Explored 37989 nodes (32072365 simplex iterations) in 10807.04 seconds (2377.10 work units)
Thread count was 32 (of 96 available processors)

Solution count 10: 0.27052 0.278968 0.357587 ... 0.395693

Time limit reached
Best objective 2.705200000000e-01, best bound 0.000000000000e+00, gap 100.0000%
