
Gurobi 13.0.2 (win64) logging started Wed Sep 16 22:15:07 2026

Set parameter LogFile to value "Optimization/gudenaa_new_area_200m_30pct_feasible_network_repair/gudenaa_new_area_200m_30pct_feasible_network_repair_stage1_feasibility_gurobi.log"
Set parameter OutputFlag to value 1
Set parameter InfUnbdInfo to value 1
Gurobi Optimizer version 13.0.2 build v13.0.2rc1 (win64 - Windows Server 2022.0 (20348.2))

CPU model: Intel(R) Xeon(R) Gold 6248R CPU @ 3.00GHz, instruction set [SSE2|AVX|AVX2|AVX512]
Thread count: 48 physical cores, 96 logical processors, using up to 32 threads

Non-default parameters:
TimeLimit  10800
MIPGap  0
InfUnbdInfo  1

Optimize a model with 369639 rows, 192219 columns and 960628 nonzeros (Min)
Model fingerprint: 0x659e16a9
Model has 5 linear objective coefficients
Variable types: 45296 continuous, 146923 integer (0 binary)
Coefficient statistics:
  Matrix range     [5e-04, 9e+03]
  Objective range  [2e-04, 1e-03]
  Bounds range     [1e+00, 5e+03]
  RHS range        [1e+00, 1e+04]

Loaded user MIP start with objective 5

Presolve removed 294052 rows and 144654 columns (presolve time = 8s)...
Presolve removed 294046 rows and 144648 columns
Presolve time: 8.38s
Presolved: 75593 rows, 47571 columns, 235207 nonzeros
Found heuristic solution: objective 4.0000000
Variable types: 30091 continuous, 17480 integer (17206 binary)
Deterministic concurrent LP optimizer: primal and dual simplex
Showing primal log only...


Root simplex log...

Iteration    Objective       Primal Inf.    Dual Inf.      Time
       0    0.0000000e+00   4.339900e+00   4.343495e+08      9s
       2    4.0000000e+00   0.000000e+00   3.251200e-02      9s
   14631    3.9905677e+00   0.000000e+00   1.130311e+02     10s
Concurrent spin time: 0.00s

Solved with dual simplex

Root simplex log...

Iteration    Objective       Primal Inf.    Dual Inf.      Time
   11029    1.8299873e-02   0.000000e+00   0.000000e+00     10s

Root relaxation: objective 1.829987e-02, 11029 iterations, 1.63 seconds (1.64 work units)

    Nodes    |    Current Node    |     Objective Bounds      |     Work
 Expl Unexpl |  Obj  Depth IntInf | Incumbent    BestBd   Gap | It/Node Time

     0     0    0.01830    0 1380    4.00000    0.01830   100%     -   11s
H    0     0                       3.9944520    0.01830   100%     -   11s
     0     0    0.02160    0 1186    3.99445    0.02160  99.5%     -   14s
     0     0    0.02163    0 1067    3.99445    0.02163  99.5%     -   15s
     0     0    0.02713    0 1042    3.99445    0.02713  99.3%     -   16s
H    0     0                       3.9810400    0.02713  99.3%     -   17s
H    0     0                       3.9410200    0.02713  99.3%     -   17s
H    0     0                       3.9123154    0.02713  99.3%     -   17s
     0     0    0.02713    0  989    3.91232    0.02713  99.3%     -   17s
H    0     0                       3.8633360    0.02713  99.3%     -   21s
H    0     0                       3.8624300    0.02713  99.3%     -   21s
H    0     0                       3.8618740    0.02713  99.3%     -   21s
H    0     0                       3.8611220    0.02713  99.3%     -   21s
H    0     0                       3.8513120    0.02713  99.3%     -   21s
H    0     0                       3.8480038    0.02713  99.3%     -   21s
H    0     0                       3.8467538    0.02713  99.3%     -   21s
H    0     0                       3.8202580    0.02713  99.3%     -   21s
H    0     0                       3.6823906    0.02713  99.3%     -   21s
     0     0    0.02982    0 1062    3.68239    0.02982  99.2%     -   21s
     0     0    0.02987    0 1067    3.68239    0.02987  99.2%     -   22s
H    0     0                       3.6470444    0.02987  99.2%     -   25s
     0     0    0.03047    0  924    3.64704    0.03047  99.2%     -   26s
H    0     0                       3.5853992    0.03047  99.2%     -   26s
H    0     0                       3.5404428    0.03047  99.1%     -   27s
     0     0    0.03047    0  919    3.54044    0.03047  99.1%     -   27s
     0     0    0.03241    0  884    3.54044    0.03241  99.1%     -   29s
     0     0    0.03241    0  928    3.54044    0.03241  99.1%     -   29s
H    0     0                       3.4817504    0.03241  99.1%     -   30s
H    0     0                       3.4808504    0.03241  99.1%     -   30s
     0     0    0.03241    0  796    3.48085    0.03241  99.1%     -   31s
H    0     0                       3.4804164    0.03241  99.1%     -   31s
H    0     0                       3.4662994    0.03241  99.1%     -   32s
     0     0    0.03241    0  842    3.46630    0.03241  99.1%     -   33s
H    0     0                       2.6445164    0.03241  98.8%     -   34s
H    0     0                       2.6396764    0.03241  98.8%     -   34s
     0     0    0.03241    0  894    2.63968    0.03241  98.8%     -   34s
     0     0    0.03241    0  595    2.63968    0.03241  98.8%     -   37s
     0     0    0.03241    0  754    2.63968    0.03241  98.8%     -   37s
H    0     0                       2.6241064    0.03241  98.8%     -   38s
     0     0    0.03241    0  888    2.62411    0.03241  98.8%     -   39s
     0     0    0.03241    0  887    2.62411    0.03241  98.8%     -   39s
     0     0    0.03241    0  887    2.62411    0.03241  98.8%     -   40s
H    0     0                       2.6189464    0.03241  98.8%     -   41s
H    0     0                       2.6154964    0.03241  98.8%     -   41s
H    0     0                       2.6098664    0.03241  98.8%     -   41s
H    0     0                       2.6054942    0.03241  98.8%     -   41s
     0     0    0.03272    0  871    2.60549    0.03272  98.7%     -   42s
     0     0    0.03301    0  839    2.60549    0.03301  98.7%     -   44s
     0     0    0.03301    0  521    2.60549    0.03301  98.7%     -   45s
     0     0    0.03308    0  691    2.60549    0.03308  98.7%     -   46s
     0     0    0.03575    0  772    2.60549    0.03575  98.6%     -   47s
     0     0    0.03584    0  754    2.60549    0.03584  98.6%     -   48s
H    0     0                       2.4677088    0.03584  98.5%     -   49s
H    0     0                       2.4669808    0.03584  98.5%     -   49s
H    0     0                       2.4664368    0.03584  98.5%     -   49s
     0     0    0.03584    0  979    2.46644    0.03584  98.5%     -   50s
     0     0    0.03584    0  841    2.46644    0.03584  98.5%     -   50s
     0     0    0.03586    0  816    2.46644    0.03586  98.5%     -   52s
     0     0    0.03586    0  815    2.46644    0.03586  98.5%     -   53s
     0     0    0.03586    0 1010    2.46644    0.03586  98.5%     -   54s
     0     0    0.03590    0  920    2.46644    0.03590  98.5%     -   55s
     0     0    0.04561    0  893    2.46644    0.04561  98.2%     -   57s
     0     0    0.04561    0  893    2.46644    0.04561  98.2%     -   57s
     0     0    0.04561    0  893    2.46644    0.04561  98.2%     -   57s
H    0     0                       2.4648548    0.04561  98.1%     -   60s
H    0     0                       2.4648488    0.04561  98.1%     -   60s
H    0     0                       2.4648468    0.04561  98.1%     -   60s
     0     0    0.04760    0  797    2.46485    0.04760  98.1%     -   61s
     0     0    0.04762    0  902    2.46485    0.04762  98.1%     -   62s
     0     0    0.04762    0  828    2.46485    0.04762  98.1%     -   63s
     0     0    0.04946    0  862    2.46485    0.04946  98.0%     -   64s
     0     0    0.04971    0  840    2.46485    0.04971  98.0%     -   65s
     0     0    0.05023    0  790    2.46485    0.05023  98.0%     -   66s
     0     0    0.05023    0  718    2.46485    0.05023  98.0%     -   67s
     0     0    0.05023    0  705    2.46485    0.05023  98.0%     -   68s
     0     0    0.05023    0  676    2.46485    0.05023  98.0%     -   69s
     0     0    0.05033    0  776    2.46485    0.05033  98.0%     -   70s
     0     0    0.05033    0  776    2.46485    0.05033  98.0%     -   70s
     0     0    0.05033    0  417    2.46485    0.05033  98.0%     -   72s
     0     0    0.05033    0  469    2.46485    0.05033  98.0%     -   72s
H    0     0                       2.4632188    0.05042  98.0%     -   74s
H    0     0                       2.4595688    0.05042  97.9%     -   74s
     0     0    0.05042    0  564    2.45957    0.05042  97.9%     -   74s
     0     0    0.05052    0  676    2.45957    0.05052  97.9%     -   75s
H    0     0                       2.4572088    0.05052  97.9%     -   75s
H    0     0                       2.4434046    0.05055  97.9%     -   76s
     0     0    0.05055    0  585    2.44340    0.05055  97.9%     -   76s
     0     0    0.05083    0  560    2.44340    0.05083  97.9%     -   77s
H    0     0                       2.3785622    0.05093  97.9%     -   78s
H    0     0                       2.3785582    0.05093  97.9%     -   78s
H    0     0                       2.3785522    0.05093  97.9%     -   78s
H    0     0                       2.3784942    0.05093  97.9%     -   78s
H    0     0                       2.3784902    0.05093  97.9%     -   78s
H    0     0                       2.3784842    0.05093  97.9%     -   78s
     0     0    0.05093    0  635    2.37848    0.05093  97.9%     -   78s
H    0     0                       2.3711542    0.05093  97.9%     -   79s
H    0     0                       2.3581342    0.05093  97.8%     -   80s
H    0     0                       2.3547942    0.05093  97.8%     -   80s
H    0     0                       2.3449242    0.05093  97.8%     -   80s
H    0     0                       2.3419942    0.05093  97.8%     -   80s
H    0     0                       2.3335442    0.05093  97.8%     -   81s
     0     0    0.05110    0  714    2.33354    0.05110  97.8%     -   82s
     0     0    0.05110    0  631    2.33354    0.05110  97.8%     -   83s
     0     0    0.05110    0  637    2.33354    0.05110  97.8%     -   84s
     0     0    0.05110    0  622    2.33354    0.05110  97.8%     -   85s
H    0     0                       2.2347631    0.05110  97.7%     -   86s
     0     0    0.05110    0  595    2.23476    0.05110  97.7%     -   86s
     0     0    0.05110    0  633    2.23476    0.05110  97.7%     -   88s
     0     0    0.05110    0  315    2.23476    0.05110  97.7%     -   89s
H    0     0                       2.2306331    0.05110  97.7%     -   90s
H    0     0                       2.2270531    0.05110  97.7%     -   90s
H    0     0                       2.2197331    0.05110  97.7%     -   90s
H    0     0                       2.2163231    0.05110  97.7%     -   90s
H    0     0                       2.2093731    0.05110  97.7%     -   90s
H    0     0                       2.2053931    0.05110  97.7%     -   90s
H    0     0                       2.2017831    0.05110  97.7%     -   90s
     0     0    0.05110    0  586    2.20178    0.05110  97.7%     -   90s
H    0     0                       1.8707180    0.05110  97.3%     -   91s
     0     0    0.05110    0  800    1.87072    0.05110  97.3%     -   92s
     0     0    0.05110    0  800    1.87072    0.05110  97.3%     -   92s
     0     0    0.05110    0  800    1.87072    0.05110  97.3%     -   93s
     0     0    0.05110    0  800    1.87072    0.05110  97.3%     -   94s
     0     0    0.05110    0  800    1.87072    0.05110  97.3%     -   94s
H    0     0                       1.8499840    0.05110  97.2%     -   96s
H    0     0                       1.8498140    0.05110  97.2%     -   97s
H    0     0                       1.8362382    0.05110  97.2%     -   97s
H    0     0                       1.8130561    0.05110  97.2%     -  100s
H    0     0                       1.8045993    0.05110  97.2%     -  100s
H    0     0                       1.8043593    0.05110  97.2%     -  100s
H    0     0                       1.8042193    0.05110  97.2%     -  100s
H    0     0                       1.8037933    0.05110  97.2%     -  104s
H    0     0                       1.8005933    0.05110  97.2%     -  104s
H    0     0                       0.7556211    0.05110  93.2%     -  104s
H    0     2                       0.7247611    0.05110  92.9%     -  107s
     0     2    0.05110    0  800    0.72476    0.05110  92.9%     -  107s
H    3     2                       0.6748757    0.05726  91.5%   773  109s
     5     2    0.05726    3  783    0.67488    0.05726  91.5%   889  110s
H    7     2                       0.6716177    0.05726  91.5%   955  111s
H   11     2                       0.6689577    0.05847  91.3%  1110  114s
H   13     4                       0.6653136    0.05847  91.2%  1126  116s
H   19    16                       0.6621436    0.05952  91.0%  1056  121s
H   43    58                       0.6594496    0.05973  90.9%  1918  127s
    73   206    0.05973   12  803    0.65945    0.05973  90.9%  2268  139s
   223   231    0.62462   16  587    0.65945    0.05973  90.9%   859  150s
H  224   231                       0.6056036    0.05973  90.1%   856  150s
H  242   231                       0.6047036    0.05973  90.1%   828  150s
H  249   231                       0.5999516    0.05973  90.0%   814  150s
   254   213    0.05983   17  799    0.59995    0.05973  90.0%   801  162s
H  257   213                       0.5997556    0.05973  90.0%   806  162s
H  265   213                       0.5729511    0.05973  89.6%   824  162s
H  277   213                       0.5704903    0.05973  89.5%   815  163s
H  296   213                       0.5625603    0.05973  89.4%   805  163s
   330   340    0.05984   18  804    0.56256    0.05973  89.4%   742  168s
   461   448    0.06200   23  816    0.56256    0.05973  89.4%   598  171s
   579   548    0.06230   28  812    0.56256    0.05973  89.4%   530  175s
   824   771    0.06230   38  817    0.56256    0.05973  89.4%   438  180s
  1102  1014    0.06231   42  817    0.56256    0.05973  89.4%   345  185s
  1409  1182    0.06233   46  813    0.56256    0.05973  89.4%   284  199s
H 1423  1182                       0.5221108    0.05973  88.6%   284  199s
H 1425  1182                       0.5209541    0.05973  88.5%   283  199s
H 1443  1315                       0.5207801    0.05973  88.5%   280  203s
  1609  1454    0.06226   48  834    0.52078    0.05973  88.5%   260  208s
  1772  1617    0.06227   53  830    0.52078    0.05973  88.5%   251  214s
  1957  1816 infeasible   58         0.52078    0.05973  88.5%   255  223s
  2179  1981 infeasible   59         0.52078    0.05973  88.5%   262  232s
  2432  2251    0.06221   59  829    0.52078    0.05973  88.5%   269  244s
  2742  2273 infeasible   61         0.52078    0.05973  88.5%   279  262s
H 2750  2273                       0.5178801    0.05983  88.4%   279  262s
  2776  2546    0.06234   61  814    0.51788    0.05983  88.4%   280  272s
  3085  2944    0.06200   62  943    0.51788    0.05983  88.4%   258  281s
H 3505  2944                       0.5177561    0.05983  88.4%   231  284s
H 3505  2944                       0.5175561    0.05983  88.4%   231  285s
H 3505  2944                       0.5173261    0.05983  88.4%   231  289s
H 3505  2944                       0.5170581    0.05983  88.4%   231  290s
H 3505  2944                       0.5157321    0.05983  88.4%   231  291s
H 3505  2916                       0.5155221    0.05983  88.4%   231  292s
H 3505  2916                       0.5154461    0.05983  88.4%   231  293s
H 3505  2916                       0.5148101    0.05983  88.4%   231  293s
  3506  2917    0.40991   99  800    0.51481    0.05983  88.4%   231  302s
H 3507  2772                       0.5082042    0.05983  88.2%   231  331s
  3509  2773    0.40991  106 1441    0.50820    0.05983  88.2%   230  343s
H 3509  2634                       0.5063142    0.05983  88.2%   230  347s
  3510  2635    0.40671   46 1282    0.50631    0.05983  88.2%   230  355s
H 3510  2503                       0.5009662    0.05983  88.1%   230  357s
  3511  2503    0.40958   55 1333    0.50097    0.05983  88.1%   230  362s
H 3511  2378                       0.5006682    0.05983  88.0%   230  368s
H 3511  2259                       0.5006362    0.05983  88.0%   230  368s
H 3511  2146                       0.5004122    0.05983  88.0%   230  368s
H 3512  2039                       0.5003582    0.05983  88.0%   230  370s
  3513  2040    0.41878   88 1227    0.50036    0.05983  88.0%   230  377s
H 3513  1938                       0.4985842    0.05983  88.0%   230  380s
H 3514  1841                       0.4975062    0.05983  88.0%   230  384s
H 3514  1749                       0.4973042    0.05983  88.0%   230  384s
  3515  1750    0.40755   71 1219    0.49730    0.05983  88.0%   230  389s
  3516  1751    0.40730   73 1237    0.49730    0.05983  88.0%   230  396s
H 3516  1663                       0.4969962    0.05983  88.0%   230  397s
H 3516  1580                       0.4947886    0.05983  87.9%   230  397s
  3517  1580    0.40668   22 1253    0.49479    0.05983  87.9%   230  402s
H 3517  1501                       0.4945466    0.05983  87.9%   230  404s
H 3517  1425                       0.4943562    0.05983  87.9%   230  404s
H 3517  1354                       0.4942206    0.05983  87.9%   230  404s
H 3517  1286                       0.4942186    0.05983  87.9%   230  404s
H 3517  1221                       0.4942126    0.05983  87.9%   230  408s
H 3517  1160                       0.4941306    0.05983  87.9%   230  408s
H 3517  1102                       0.4940706    0.05983  87.9%   230  408s
H 3518  1047                       0.4940606    0.05983  87.9%   230  414s
H 3518   995                       0.4940526    0.05983  87.9%   230  414s
  3520   996    0.40671   36 1237    0.49405    0.05983  87.9%   230  422s
H 3520   946                       0.4940446    0.05983  87.9%   230  433s
H 3520   898                       0.4938546    0.05983  87.9%   230  434s
H 3520   853                       0.4938506    0.05983  87.9%   230  434s
  3521   854    0.42534   60 1237    0.49385    0.05983  87.9%   230  436s
H 3521   813                       0.4918706    0.05983  87.8%   272  438s
  3522   813    0.05983   16 1218    0.49187    0.05983  87.8%   272  447s
  3528   815    0.06285   19 1226    0.49187    0.06276  87.2%   281  451s
  3532   817    0.06292   20 1222    0.49187    0.06285  87.2%   282  459s
  3538   823    0.06295   21 1227    0.49187    0.06292  87.2%   286  466s
  3548   836    0.06299   22 1227    0.49187    0.06295  87.2%   288  478s
H 3551   794                       0.4918666    0.06295  87.2%   288  478s
  3566   813    0.06362   23 1161    0.49187    0.06295  87.2%   295  523s
  3598   873    0.06362   24 1115    0.49187    0.06325  87.1%   302  576s
H 3640   820                       0.4917966    0.06325  87.1%   306  576s
H 3657   779                       0.4888466    0.06325  87.1%   308  577s
H 3671   739                       0.4854966    0.06325  87.0%   309  577s
  3673   880    0.06360   25 1155    0.48550    0.06325  87.0%   309  584s
  3831   959    0.06383   27 1119    0.48550    0.06325  87.0%   303  590s
  4090  1077    0.06383   29 1097    0.48550    0.06325  87.0%   289  602s
  4199  1152    0.06383   30 1103    0.48550    0.06325  87.0%   289  605s
  4420  1278 infeasible   31         0.48550    0.06325  87.0%   278  610s
  4761  1417    0.06502   34 1085    0.48550    0.06325  87.0%   265  634s
  4793  1435 infeasible   34         0.48550    0.06325  87.0%   265  643s
H 4795  1400                       0.4838766    0.06325  86.9%   265  643s
  4826  1421    0.06698   35 1078    0.48388    0.06325  86.9%   264  660s
  4859  1444 infeasible   35         0.48388    0.06325  86.9%   263  670s
  4899  1485 infeasible   36         0.48388    0.06325  86.9%   263  677s
  4963  1529    0.08800   37 1069    0.48388    0.06325  86.9%   263  682s
H 4968  1497                       0.4838066    0.06325  86.9%   264  682s
  5033  1651    0.26673   38 1006    0.48381    0.06325  86.9%   262  692s
  5217  1787    0.08936   38 1039    0.48381    0.06325  86.9%   255  701s
  5428  1924    0.08936   40 1048    0.48381    0.06325  86.9%   247  707s
  5609  2091    0.09421   41 1091    0.48381    0.06325  86.9%   242  711s
  5894  2406 infeasible   43         0.48381    0.06325  86.9%   232  719s
  6149  2638    0.17124   44 1084    0.48381    0.06325  86.9%   225  724s
  6405  2885    0.17124   46 1082    0.48381    0.06325  86.9%   218  732s
  6670  3166    0.17144   48 1018    0.48381    0.06337  86.9%   211  740s
  6968  3446    0.17144   50 1034    0.48381    0.06337  86.9%   203  749s
  7272  3690    0.17144   53 1043    0.48381    0.06337  86.9%   197  755s
  7532  4029 infeasible   56         0.48381    0.06337  86.9%   192  764s
  7889  4384    0.17144   60 1039    0.48381    0.06337  86.9%   185  772s
  8262  4743 infeasible   63         0.48381    0.06337  86.9%   178  781s
  8638  5072    0.17144   67 1033    0.48381    0.06337  86.9%   172  788s
  8983  5108    0.17234   69 1036    0.48381    0.06337  86.9%   168  839s
H 8988  5108                       0.4837746    0.06337  86.9%   168  839s
H 9004  5108                       0.4836846    0.06337  86.9%   168  839s
  9019  5420 infeasible   69         0.48368    0.06337  86.9%   168  847s
  9341  5824    0.17236   72 1037    0.48368    0.06337  86.9%   163  855s
  9761  6266    0.40313   77  608    0.48368    0.06337  86.9%   158  864s
 10221  6299    0.40312   80  599    0.48368    0.06337  86.9%   154  903s
 10256  6551    0.40342   81  599    0.48368    0.06337  86.9%   153  928s
 10512  6826    0.40351   95  551    0.48368    0.06337  86.9%   152  943s
 10804  7130    0.40351  103  513    0.48368    0.06337  86.9%   153  957s
 11138  7439    0.40351  122  470    0.48368    0.06337  86.9%   150  967s
 11473  7822    0.40351  123  456    0.48368    0.06337  86.9%   149  981s
 11880  8236    0.40351  124  468    0.48368    0.06337  86.9%   145  991s
 12336  8266    0.40351  125  454    0.48368    0.06337  86.9%   144 1061s
H12341  8266                       0.4836826    0.06337  86.9%   144 1061s
H12351  8266                       0.4836686    0.06337  86.9%   144 1061s
 12370  8706    0.40351  126  455    0.48367    0.06337  86.9%   144 1077s
 12828  9407    0.40351  144  447    0.48367    0.06337  86.9%   142 1093s
 13571 10113    0.40351  169  433    0.48367    0.06337  86.9%   140 1112s
 14349 10958    0.40351  202  384    0.48367    0.06337  86.9%   136 1139s
 15309 11682 infeasible  229         0.48367    0.06337  86.9%   136 1156s
*15833  8512             543       0.4159540    0.06362  84.7%   136 1156s
 16197  8814    0.06793   31 1224    0.41595    0.06362  84.7%   137 1188s
 16971  9594    0.06871   58 1077    0.41595    0.06362  84.7%   137 1218s
 17822  9625    0.06871   85 1091    0.41595    0.06373  84.7%   136 1417s
 17855  9746    0.06871   86 1096    0.41595    0.06373  84.7%   136 1639s
H17856  5283                       0.4078140    0.06373  84.4%   136 1639s
H17894  4567                       0.4066340    0.06373  84.3%   136 1639s
 17980  4853    0.06871   87 1093    0.40663    0.06373  84.3%   135 1668s
 18622  4862 infeasible  123         0.40663    0.06373  84.3%   139 1771s
 18663  4897    0.07009  122 1094    0.40663    0.06373  84.3%   140 1961s
H18665  4893                       0.4065900    0.06373  84.3%   140 1961s
H18666  4666                       0.4050720    0.06373  84.3%   140 1961s
H18674  4605                       0.4048860    0.06373  84.3%   140 1961s
H18689  4584                       0.4047480    0.06373  84.3%   140 1961s
H18691  4195                       0.4035600    0.06373  84.2%   140 1961s
 18736  4343    0.09113  123 1057    0.40356    0.06373  84.2%   141 1979s
 18976  4585    0.17377  127 1022    0.40356    0.06373  84.2%   147 2000s
 19257  5105    0.17372  131 1044    0.40356    0.06382  84.2%   148 2030s
 19837  5364    0.17413  158  988    0.40356    0.06382  84.2%   151 2049s
 20166  5657    0.20415  160 1053    0.40356    0.06382  84.2%   156 2223s
H20167  5657                       0.4035580    0.06382  84.2%   156 2223s
 20527  6324    0.20415  161 1050    0.40356    0.06382  84.2%   159 2251s
 21344  7202 infeasible  208         0.40356    0.06382  84.2%   161 2279s
 22426  8223    0.20780  262  965    0.40356    0.06382  84.2%   159 2321s
 23612  8483 infeasible  315         0.40356    0.06382  84.2%   159 2362s
 24046  8529    0.09444   44 1118    0.40356    0.06382  84.2%   164 2628s
H24052  6732                       0.3997860    0.06382  84.0%   164 2628s
H24061  6543                       0.3985320    0.06382  84.0%   164 2628s
H24107  6529                       0.3982040    0.06382  84.0%   165 2628s
 24138  6796    0.17042   45 1021    0.39820    0.06382  84.0%   166 2660s
 24524  7071    0.17168   46  939    0.39820    0.06382  84.0%   170 2688s
 24935  8195    0.17260   52 1038    0.39820    0.06383  84.0%   174 2739s
H26234  8858                       0.3982020    0.06403  83.9%   174 2990s
 27007 10107    0.20387  177  846    0.39820    0.06421  83.9%   174 3047s
 28448 11458    0.20401  232  761    0.39820    0.06421  83.9%   171 3106s
 29972 11623 infeasible  299         0.39820    0.06421  83.9%   168 3214s
 30400 12354    0.08953   47 1084    0.39820    0.06421  83.9%   172 3437s
 31436 14473 infeasible   48         0.39820    0.06421  83.9%   178 4575s
H31438 14472                       0.3982000    0.06421  83.9%   179 4575s
H31553 14352                       0.3979040    0.06421  83.9%   178 4575s
 33815 17767    0.08974   49 1057    0.39790    0.06421  83.9%   175 4760s
H33908 17767                       0.3979020    0.06421  83.9%   175 4760s
 37579 17758 infeasible  132         0.39790    0.06421  83.9%   169 5518s
H37589 17756                       0.3979000    0.06421  83.9%   169 5518s
H37589 17756                       0.3978960    0.06421  83.9%   169 5518s
H37592 17756                       0.3978920    0.06421  83.9%   169 5519s
H37632 17699                       0.3977420    0.06421  83.9%   170 5519s
 37646 18402    0.06873   66 1322    0.39774    0.06421  83.9%   171 5631s
 38615 21248    0.06976   89 1219    0.39774    0.06421  83.9%   175 5764s
 41684 21385    0.07502  288 1071    0.39774    0.06477  83.7%   170 6708s
H41700 21385                       0.3977400    0.06477  83.7%   171 6708s
 41891 24884    0.07503  289 1064    0.39774    0.06477  83.7%   172 6876s
 45612 29043    0.08454  514  731    0.39774    0.06579  83.5%   167 7058s
 50027 29692    0.10375  747  633    0.39774    0.06579  83.5%   158 7187s
H50904 31208                       0.3974360    0.06579  83.4%   160 8134s
H51098 31187                       0.3971120    0.06579  83.4%   160 8134s
H51500 31182                       0.3970220    0.06579  83.4%   160 8134s
H52296 31182                       0.3969420    0.06599  83.4%   159 8134s
 52638 33320    0.33211  961  524    0.39694    0.06599  83.4%   159 8276s
 55160 36072    0.08234   96 1332    0.39694    0.06599  83.4%   159 8464s
 56011 36072 infeasible  140         0.39694    0.06599  83.4%   158 8465s
 58316 39404 infeasible  101         0.39694    0.06599  83.4%   157 8681s
 62053 41700    0.07031   42 1362    0.39694    0.06656  83.2%   154 9046s
 64699 41757 infeasible   49         0.39694    0.06657  83.2%   155 10833s
H64701 41756                       0.3969220    0.06657  83.2%   155 10833s
H64702 41756                       0.3968980    0.06657  83.2%   155 10833s
H64728 41727                       0.3968316    0.06657  83.2%   155 10833s
H64729 41723                       0.3967740    0.06657  83.2%   155 10833s

Cutting planes:
  Learned: 119
  Gomory: 20
  Lift-and-project: 23
  Cover: 672
  Implied bound: 72
  Projected implied bound: 26
  Clique: 39
  MIR: 737
  StrongCG: 21
  Flow cover: 3486
  GUB cover: 13
  Inf proof: 12
  Zero half: 26
  Network: 266
  RLT: 18
  Relax-and-lift: 460
  BQP: 1
  PSD: 4

Explored 64784 nodes (10276180 simplex iterations) in 10838.54 seconds (1040.51 work units)
Thread count was 32 (of 96 available processors)

Solution count 10: 0.396774 0.396774 0.396832 ... 0.39774

Time limit reached
Best objective 3.967740000000e-01, best bound 6.656546489667e-02, gap 83.2233%
