
Gurobi 13.0.2 (win64) logging started Fri Sep 18 07:56:01 2026

Set parameter LogFile to value "Optimization/gudenaa_new_area_200m_global30_constructive_network_repair/gudenaa_new_area_200m_global30_constructive_network_repair_continued_8h4h_stage2_minimum_change_gurobi.log"
Set parameter OutputFlag to value 1
Set parameter InfUnbdInfo to value 1
Gurobi Optimizer version 13.0.2 build v13.0.2rc1 (win64 - Windows Server 2022.0 (20348.2))

CPU model: Intel(R) Xeon(R) Gold 6248R CPU @ 3.00GHz, instruction set [SSE2|AVX|AVX2|AVX512]
Thread count: 48 physical cores, 96 logical processors, using up to 32 threads

Non-default parameters:
TimeLimit  28800
MIPGap  0.005
InfUnbdInfo  1

Optimize a model with 392635 rows, 203188 columns and 1045366 nonzeros (Min)
Model fingerprint: 0x5bd29fc8
Model has 7129 linear objective coefficients
Variable types: 55209 continuous, 147979 integer (0 binary)
Coefficient statistics:
  Matrix range     [5e-04, 9e+03]
  Objective range  [1e+00, 4e+00]
  Bounds range     [1e+00, 7e+03]
  RHS range        [1e+00, 1e+04]

Loaded user MIP start with objective 1956.11

Presolve removed 267870 rows and 125466 columns
Presolve time: 4.68s
Presolved: 124765 rows, 77722 columns, 382382 nonzeros
Variable types: 54656 continuous, 23066 integer (22912 binary)
Found heuristic solution: objective 1940.3200000
Deterministic concurrent LP optimizer: primal and dual simplex
Showing primal log only...


Root simplex log...

Iteration    Objective       Primal Inf.    Dual Inf.      Time
       0    1.6395700e+03   4.114891e+03   4.524399e+09      6s
   24774    1.8536523e+03   0.000000e+00   1.442085e+02      6s
Concurrent spin time: 0.13s (can be avoided by choosing Method=3)

Solved with dual simplex

Root simplex log...

Iteration    Objective       Primal Inf.    Dual Inf.      Time
   10699    8.9247000e+02   0.000000e+00   0.000000e+00      6s

Root relaxation: objective 8.924700e+02, 10699 iterations, 1.41 seconds (1.17 work units)

    Nodes    |    Current Node    |     Objective Bounds      |     Work
 Expl Unexpl |  Obj  Depth IntInf | Incumbent    BestBd   Gap | It/Node Time

     0     0  892.47000    0  361 1940.32000  892.47000  54.0%     -    8s
H    0     0                    1909.8200000  892.47000  53.3%     -    8s
H    0     0                    1881.0400000  892.47000  52.6%     -    8s
H    0     0                    1850.4100000  892.47000  51.8%     -    8s
H    0     0                    1848.5300000  892.47000  51.7%     -    8s
H    0     0                    1693.6300000  892.47000  47.3%     -    8s
H    0     0                    1692.3700000  892.47000  47.3%     -   13s
     0     0  892.47000    0  696 1692.37000  892.47000  47.3%     -   15s
H    0     0                    1692.3500000  892.47000  47.3%     -   16s
H    0     0                    1692.2900000  892.47000  47.3%     -   16s
     0     0  892.47000    0  954 1692.29000  892.47000  47.3%     -   16s
     0     0  892.47000    0  953 1692.29000  892.47000  47.3%     -   22s
     0     0  892.47000    0  244 1692.29000  892.47000  47.3%     -   27s
     0     0  892.47000    0  518 1692.29000  892.47000  47.3%     -   30s
     0     0  892.47000    0  709 1692.29000  892.47000  47.3%     -   39s
     0     0  892.47000    0  207 1692.29000  892.47000  47.3%     -   42s
     0     0  892.47000    0  582 1692.29000  892.47000  47.3%     -   46s
     0     0  892.47000    0  706 1692.29000  892.47000  47.3%     -   53s
     0     0  892.47000    0  242 1692.29000  892.47000  47.3%     -   58s
     0     0  892.47000    0  643 1692.29000  892.47000  47.3%     -   68s
     0     0  892.47000    0  736 1692.29000  892.47000  47.3%     -   75s
     0     0  892.47000    0  249 1692.29000  892.47000  47.3%     -   78s
H    0     0                    1688.3000000  892.47000  47.1%     -   82s
H    0     0                    1684.3100000  892.47000  47.0%     -   82s
     0     0  892.47000    0  505 1684.31000  892.47000  47.0%     -   82s
     0     0  892.47000    0  659 1684.31000  892.47000  47.0%     -   90s
     0     0  892.47000    0  242 1684.31000  892.47000  47.0%     -   95s
H    0     0                    1681.1200000  892.47000  46.9%     -   96s
H    0     0                    1678.0000000  892.47000  46.8%     -   96s
H    0     0                    1677.9300000  892.47000  46.8%     -  100s
     0     0  892.47000    0  576 1677.93000  892.47000  46.8%     -  116s
     0     0  892.47000    0  723 1677.93000  892.47000  46.8%     -  121s
     0     0  892.47000    0  271 1677.93000  892.47000  46.8%     -  125s
     0     0  892.47000    0  492 1677.93000  892.47000  46.8%     -  127s
     0     0  892.47000    0  579 1677.93000  892.47000  46.8%     -  131s
     0     0  892.47000    0  240 1677.93000  892.47000  46.8%     -  135s
     0     0  892.47000    0  240 1677.93000  892.47000  46.8%     -  140s
     0     0  892.47000    0  201 1677.93000  892.47000  46.8%     -  141s
H    0     0                    1670.3900000  892.47000  46.6%     -  192s
H    0     0                    1670.2900000  892.47000  46.6%     -  193s
H    0     0                    1401.7000000  892.47000  36.3%     -  222s
H    0     0                    1353.9900000  892.47000  34.1%     -  222s
H    0     0                    1346.9300000  892.47000  33.7%     -  225s
H    0     2                    1346.6700000  892.47000  33.7%     -  241s
     0     2  892.47000    0  138 1346.67000  892.47000  33.7%     -  241s
     7    15  896.35722    3  895 1346.67000  892.47000  33.7%  5445  247s
    15    30  899.21000    4  744 1346.67000  892.47000  33.7%  5740  252s
    30    60  899.21000    5  735 1346.67000  892.47000  33.7%  6039  294s
H   44    60                    1342.3100000  892.47000  33.5%  4504  294s
    60    92  899.21000    6  733 1342.31000  892.47000  33.5%  4073  333s
H   92   285                    1341.9700000  892.47000  33.5%  3588  462s
H  105   285                    1336.5900000  892.47000  33.2%  3207  462s
H  285   317                    1335.8700000  892.47000  33.2%  1437  694s
H  299   317                    1284.8900000  892.47000  30.5%  1394  694s
   317  1042  899.21000    9  701 1284.89000  892.47000  30.5%  1332  746s
  1059  2023  899.21000   33  687 1284.89000  892.47000  30.5%   678  774s
  2074  3061  899.21000   61  651 1284.89000  892.47000  30.5%   507 1205s
H 2149  3061                    1279.9900000  892.47000  30.3%   500 1205s
H 2162  3061                    1271.6500000  892.47000  29.8%   500 1205s
H 2204  3061                    1265.0800000  892.47000  29.5%   495 1205s
H 2425  3061                    1246.5100000  892.47000  28.4%   490 1205s
  3141  4256  899.21000   78  626 1246.51000  892.47000  28.4%   422 2448s
H 3232  4256                    1244.1000000  892.47000  28.3%   415 2448s
H 3695  4256                    1243.9100000  892.47000  28.3%   383 2449s
H 3979  4256                    1242.3100000  892.47000  28.2%   367 2449s
  4364  7401  899.21000  107  598 1242.31000  892.47000  28.2%   341 3262s
H 4545  7401                    1238.1900000  892.47000  27.9%   335 3262s
H 4820  7401                    1235.8700000  892.47000  27.8%   323 3262s
H 5471  7401                    1235.5700000  892.47000  27.8%   303 3262s
H 6213  7401                    1234.4100000  892.47000  27.7%   276 3262s
H 6656  7401                    1229.8900000  892.47000  27.4%   263 3263s
  7611 11500  899.79432  183  630 1229.89000  892.47000  27.4%   238 3328s
 12040 14804  927.30449  307  615 1229.89000  892.47000  27.4%   191 3396s
 15701 14805  995.77000  456  201 1229.89000  892.47000  27.4%   169 3467s
 15703 14806  892.47000   28  389 1229.89000  892.47000  27.4%   169 3538s
 15704 14807  942.87000  144  304 1229.89000  892.47000  27.4%   169 3575s
H15704 14066                    1229.6300000  892.47000  27.4%   169 3621s
 15706 14067  892.84166  103  326 1229.63000  892.47000  27.4%   169 3657s
H15706 13364                    1226.0000000  892.47000  27.2%   169 3662s
H15706 12695                    1225.9500000  892.47000  27.2%   169 3662s
 15707 12696  980.17000  719  697 1225.95000  892.47000  27.2%   169 3670s
 15708 12697  893.23000  182  413 1225.95000  892.47000  27.2%   169 3682s
 15709 12697  894.07190  216  688 1225.95000  892.47000  27.2%   169 3690s
 15710 12698 1179.91810  376  521 1225.95000  892.54986  27.2%   169 3702s
H15710 12063                    1224.7900000  892.62645  27.1%   169 3717s
H15710 11460                    1224.1900000  892.62645  27.1%   169 3717s
H15710 10887                    1224.1700000  892.62645  27.1%   169 3717s
H15711 10343                    1200.3200000  892.64781  25.6%   169 3719s
H15711  9826                    1200.1900000  892.64781  25.6%   169 3719s
 15712  9826  893.92633  180  488 1200.19000  892.64781  25.6%   169 3729s
 15713  9827  892.67885   43  704 1200.19000  892.67885  25.6%   169 3735s
 15714  9828  975.73000  423  530 1200.19000  892.70704  25.6%   169 3761s
 15715  9828  892.70886   11  646 1200.19000  892.70886  25.6%   169 3767s
 15716  9829  904.00270   65  736 1200.19000  892.71655  25.6%   169 3776s
 15717  9830  904.68742  236  767 1200.19000  892.72691  25.6%   169 3783s
 15718  9830  892.74194   44  823 1200.19000  892.74194  25.6%   169 3807s
 15719  9831  900.57852  239  838 1200.19000  892.74390  25.6%   169 3813s
 15720  9832  954.00818  285  861 1200.19000  892.75158  25.6%   169 3825s
H15720  9340                    1198.3400000  892.76211  25.5%   169 3826s
H15720  8873                    1174.0000000  892.76211  24.0%   169 3826s
H15720  8429                    1173.5700000  892.76211  23.9%   169 3826s
 15721  8429  921.12296  265  884 1173.57000  892.76211  23.9%   169 3832s
 15722  8430 1150.28808  547  864 1173.57000  892.78306  23.9%   169 3860s
 15723  8431  925.85000   81  883 1173.57000  892.78306  23.9%   169 3867s
 15724  8431  922.84688  297  842 1173.57000  892.81159  23.9%   169 3877s
 15728  8434  892.95745  143  928 1173.57000  892.81836  23.9%   169 3880s
 15730  8435  901.94487  185  874 1173.57000  892.81853  23.9%   169 3887s
H15730  8012                    1173.2100000  892.82931  23.9%   169 3901s
H15730  7611                    1173.1700000  892.82931  23.9%   169 3901s
 15731  7612  893.80376  177  896 1173.17000  892.82931  23.9%   169 3924s
 15732  7613  932.01216   79  901 1173.17000  892.83007  23.9%   169 3926s
 15738  7617  972.87000  166  907 1173.17000  892.83191  23.9%   169 3936s
 15739  7617  893.49523   92  910 1173.17000  892.84980  23.9%   169 3950s
 15742  7619  986.52590  360  998 1173.17000  892.85614  23.9%   169 3955s
 15747  7623  892.90344  141 1036 1173.17000  892.85737  23.9%   169 3968s
H15747  7241                    1172.8700000  892.87318  23.9%   169 3999s
H15747  6878                    1172.5900000  892.87318  23.9%   169 4014s
H15747  6534                    1171.3600000  892.87318  23.8%   169 4126s
H15747  6206                    1170.9100000  892.87318  23.7%   169 4130s
 15748  6206  913.31517  196  607 1170.91000  892.87318  23.7%   169 4138s
 15749  6207  907.92313  254  648 1170.91000  892.87705  23.7%   169 4143s
 15750  6208  892.88154   96  540 1170.91000  892.88154  23.7%   169 4154s
 15751  6208  892.88722   63  704 1170.91000  892.88722  23.7%   169 4162s
 15752  6209  895.46358  201  539 1170.91000  892.89395  23.7%   169 4175s
 15753  6210 1039.56982  238  636 1170.91000  892.89524  23.7%   169 4181s
 15754  6210  892.90851   31  626 1170.91000  892.90851  23.7%   169 4194s
 15755  6211  976.06843  272  651 1170.91000  892.93235  23.7%   169 4197s
 15756  6212 1060.03542  471  578 1170.91000  892.94805  23.7%   169 4206s
 15758  6213  892.95455  165  583 1170.91000  892.95455  23.7%   169 4219s
 15759  6214  931.55955  269  685 1170.91000  892.95455  23.7%   169 4233s
 15760  6214  905.97000   65  593 1170.91000  892.96022  23.7%   169 4243s
 15761  6215  896.09736  144  651 1170.91000  892.96209  23.7%   169 4253s
 15762  6216  908.81641  240  592 1170.91000  892.96677  23.7%   169 4268s
 15763  6216  940.16735  278  764 1170.91000  892.96677  23.7%   169 4270s
 15764  6217  892.96677   23  742 1170.91000  892.96677  23.7%   169 4275s
 15765  6218  892.97057   97  623 1170.91000  892.97057  23.7%   169 4327s
 15766  6218  892.97057   14  679 1170.91000  892.97057  23.7%   169 4331s
 15767  6219  959.05563  241  787 1170.91000  892.97520  23.7%   169 4340s
 15770  6221 1170.91000  467  815 1170.91000  892.97656  23.7%   168 4347s
 15771  6222  892.98808   11  543 1170.91000  892.98808  23.7%   168 4357s
H15771  5910                    1169.4800000  892.98808  23.6%   168 4370s
H15771  5613                    1169.4100000  892.98808  23.6%   168 4370s
 15773  5614  892.98808   41  588 1169.41000  892.98808  23.6%   168 4379s
 15774  5615  897.83000  264  638 1169.41000  892.98808  23.6%   168 4385s
 15778  5617  892.98808   15  697 1169.41000  892.98808  23.6%   168 4391s
 15779  5618  892.98808  141  626 1169.41000  892.98808  23.6%   168 4438s
 15782  5620  907.93000  257  709 1169.41000  892.98808  23.6%   168 4440s
 15784  5621  892.98808   72  734 1169.41000  892.98808  23.6%   168 4447s
 15785  5622  900.52166  153  639 1169.41000  892.98808  23.6%   168 4457s
 15788  5624  939.12219  317  746 1169.41000  892.98808  23.6%   168 4463s
 15789  5625  975.73000  475  645 1169.41000  892.99270  23.6%   168 4475s
 15792  5627  948.27637  279  772 1169.41000  892.99295  23.6%   168 4483s
 15793  5627  941.45000   93  611 1169.41000  893.00300  23.6%   168 4495s
 15794  5628 1132.63342  465  746 1169.41000  893.00300  23.6%   168 4503s
 15796  5629  893.00300   10  808 1169.41000  893.00300  23.6%   168 4505s
 15798  5631  910.83000  269  675 1169.41000  893.00536  23.6%   168 4601s
 15802  5633  938.53000  301  806 1169.41000  893.00621  23.6%   168 4609s
 15803  5634  893.01067   28  624 1169.41000  893.01067  23.6%   168 4621s
 15806  5636  893.01150  103  757 1169.41000  893.01150  23.6%   168 4634s
 15807  5637  980.17000  719  615 1169.41000  893.02879  23.6%   168 4643s
 15808  5637  893.23000  182  725 1169.41000  893.02879  23.6%   168 4645s
 15810  5639 1169.41000  376  777 1169.41000  893.02879  23.6%   168 4651s
 15811  5639  968.85000  305  622 1169.41000  893.02879  23.6%   168 4694s
 15812  5640  893.92633  180  730 1169.41000  893.02879  23.6%   168 4695s
H15813  5357                    1169.2700000  893.02879  23.6%   168 5552s
 15814  5357  975.73000  423  662 1169.27000  893.02879  23.6%   168 5580s
 15818  5360  893.02879   44  745 1169.27000  893.02879  23.6%   168 5587s
 15819  5361  900.57852  239  666 1169.27000  893.02879  23.6%   168 5598s
 15820  5361  954.00818  285  695 1169.27000  893.02879  23.6%   168 5602s
 15821  5362  921.12296  265  666 1169.27000  893.02879  23.6%   168 5614s
 15822  5363 1150.28808  547  735 1169.27000  893.02879  23.6%   168 5615s
 15825  5365  893.77594  151  817 1169.27000  893.02879  23.6%   168 5622s
 15826  5365  902.02721  187  655 1169.27000  893.03124  23.6%   168 5658s
 15827  5366  893.03124   15  743 1169.27000  893.03124  23.6%   168 5660s
 15828  5367  893.03124  143  771 1169.27000  893.03124  23.6%   168 5666s
 15829  5367  893.03124   14  671 1169.27000  893.03124  23.6%   168 5676s
 15832  5369  932.01216   79  804 1169.27000  893.03124  23.6%   168 5688s
 15833  5370  941.45000   97  889 1169.27000  893.03124  23.6%   168 5698s
 15834  5371  893.03124   89  870 1169.27000  893.03124  23.6%   168 5706s
 15835  5371  893.03124   24  875 1169.27000  893.03124  23.6%   168 5719s
 15838  5375  972.87000  166  201 1169.27000  893.03124  23.6%   254 5721s
 15840  5376  894.67598  123  370 1169.27000  893.06075  23.6%   254 5794s
 15841  5377 1042.73667  337  359 1169.27000  893.06075  23.6%   254 5836s
 15842  5378  986.52590  360  800 1169.27000  893.06075  23.6%   254 5871s
 15843  5378 1009.55221  487  946 1169.27000  893.06075  23.6%   254 5876s
 15845  5380  896.55952  104  964 1169.27000  893.06075  23.6%   254 5880s
 15849  5382  907.92313  254 1059 1169.27000  893.06075  23.6%   254 5885s
 15853  5385 1039.56982  238 1102 1169.27000  893.06075  23.6%   254 5904s
 15854  5386  893.06075   31  607 1169.27000  893.06075  23.6%   254 5924s
 15855  5386  976.06843  272  874 1169.27000  893.06075  23.6%   254 5927s
 15857  5388  895.62815  192  856 1169.27000  893.06075  23.6%   254 5935s
 15858  5388  893.06075  165  618 1169.27000  893.06075  23.6%   254 5948s
 15859  5389  931.55955  269  823 1169.27000  893.06075  23.6%   254 5951s
H15860  5120                    1169.0000000  893.06075  23.6%   254 5960s
H15860  4863                    1168.9500000  893.06075  23.6%   254 5960s
 15862  4864  908.81641  240  672 1168.95000  893.06075  23.6%   254 5980s
 15863  4865  940.16735  278  763 1168.95000  893.06075  23.6%   254 5985s
H15863  4622                    1164.6900000  893.06075  23.3%   254 5994s
H15863  4390                    1164.2500000  893.06075  23.3%   254 5995s
 15865  4391  893.06075   97  645 1164.25000  893.06075  23.3%   254 6011s
 15866  4392  893.06075   14  705 1164.25000  893.06075  23.3%   254 6023s
 15867  4392  959.05563  241  605 1164.25000  893.06091  23.3%   254 6034s
 15868  4393  902.24165  167  809 1164.25000  893.06091  23.3%   254 6050s
 15869  4394  994.77281  399  648 1164.25000  893.06091  23.3%   254 6062s
 15870  4394 1164.25000  467  812 1164.25000  893.06091  23.3%   254 6069s
 15871  4395  893.06094   11  819 1164.25000  893.06094  23.3%   254 6076s
 15872  4396  899.21000  100  649 1164.25000  893.06185  23.3%   254 6101s
 15873  4396  893.06185   41  761 1164.25000  893.06185  23.3%   254 6112s
 15874  4397  897.83000  264  679 1164.25000  893.06281  23.3%   254 6123s
 15875  4398  909.79089  195  807 1164.25000  893.06284  23.3%   254 6134s
 15876  4398  893.06338  139  701 1164.25000  893.06338  23.3%   254 6157s
 15877  4399  978.31000  383  656 1164.25000  893.06338  23.3%   254 6166s
 15878  4400  893.06338   15  656 1164.25000  893.06338  23.3%   254 6182s
 15879  4403  893.06355   19  646 1164.25000  893.06343  23.3%   285 6199s
 15880  4403  893.07758   19  638 1164.25000  893.06355  23.3%   285 6200s
 15885  4411  899.53067   21  834 1164.25000  893.09471  23.3%   286 6208s
 15892  4419  899.53103   22  840 1164.25000  893.11560  23.3%   288 6213s
 15906  4438  900.68809   23  850 1164.25000  893.11886  23.3%   290 6222s
 15930  4461  900.69074   24  825 1164.25000  893.12603  23.3%   294 6307s
H15935  4239                    1158.5900000  893.12603  22.9%   294 6308s
 15962  4312  900.69103   25  813 1158.59000  893.12770  22.9%   298 6318s
 16044  4353  900.69126   26  799 1158.59000  893.12770  22.9%   302 6323s
 16128  4353  901.56273   28  785 1158.59000  893.12770  22.9%   302 6497s
 16162  4374  901.55456   28  777 1158.59000  893.12770  22.9%   302 6716s
H16177  4160                    1158.4300000  893.12770  22.9%   302 6716s
 16194  4304  901.56806   29  792 1158.43000  893.12770  22.9%   301 6729s
 16352  4304  901.58673   32  771 1158.43000  893.12770  22.9%   301 6809s
 16405  4366  904.25764   32  786 1158.43000  893.12770  22.9%   301 6847s
 16497  4498  901.61176   33  771 1158.43000  893.12770  22.9%   300 6880s
 16696  4523  901.62514   36  693 1158.43000  893.12770  22.9%   301 6898s
 16804  4510 infeasible   38      1158.43000  893.13174  22.9%   302 7081s
 16843  4521 infeasible   39      1158.43000  893.13174  22.9%   302 7474s
 16889  4613 infeasible   40      1158.43000  893.13174  22.9%   305 7621s
 17062  4722  895.17845   28  747 1158.43000  893.13174  22.9%   307 7643s
 17281  4824  903.79699   32  733 1158.43000  893.13174  22.9%   308 7679s
 17482  4953  904.05375   40  759 1158.43000  893.13174  22.9%   307 7693s
 17713  5055  904.45459   49  761 1158.43000  893.13174  22.9%   306 7708s
 17927  5070  905.13757   59  816 1158.43000  893.13175  22.9%   306 7723s
 18104  5143  905.49795   66  797 1158.43000  893.13355  22.9%   308 7741s
 18282  5227  905.81430   73  836 1158.43000  893.13355  22.9%   311 7756s
 18438  5297  905.99303   77  838 1158.43000  893.13355  22.9%   312 7768s
 18585  5413  906.19790   79  819 1158.43000  893.13355  22.9%   312 7780s
 18773  5537  907.40579   86  829 1158.43000  893.13355  22.9%   311 7793s
 18999  5668  909.29243   94  844 1158.43000  893.13355  22.9%   308 7810s
 19224  5851  911.18501  102  798 1158.43000  893.13355  22.9%   305 7826s
 19488  6130  913.62895  113  757 1158.43000  893.13355  22.9%   302 7842s
 19864  6036  915.86037  124  794 1158.43000  893.13355  22.9%   299 8119s
 19897  6055  915.89194  125  792 1158.43000  893.13355  22.9%   299 8738s
 19929  6351  915.93251  126  783 1158.43000  893.13355  22.9%   298 9068s
 20254  6999  917.33537  138  778 1158.43000  893.13355  22.9%   296 9099s
 21050  7650  918.32330  166  781 1158.43000  893.13355  22.9%   287 9117s
 22008  8241  928.00140  199  754 1158.43000  893.13355  22.9%   276 9138s
 22968  8924  947.19446  234  750 1158.43000  893.13355  22.9%   267 9159s
 24030  9155  948.08046  260  749 1158.43000  893.13355  22.9%   257 9177s
 24709  9899 infeasible  277      1158.43000  893.13355  22.9%   252 9199s
 25858 10446 1088.92600  308  730 1158.43000  893.13355  22.9%   243 9225s
 27149 10447 1124.19286  344  688 1158.43000  893.13355  22.9%   235 9249s
 27883 10882 infeasible   32      1158.43000  893.13355  22.9%   235 9268s
 28571 11993  903.42027   32  709 1158.43000  893.13355  22.9%   234 9290s
 29715 13297  904.11249   38  778 1158.43000  893.13355  22.9%   228 9579s
H29739 13297                    1158.3100000  893.13355  22.9%   228 9579s
 31113 13425  905.45033   67  733 1158.31000  893.13355  22.9%   223 9810s
H31176 13401                    1154.0700000  893.13355  22.6%   223 9810s
 31260 14777  905.39706   67  749 1154.07000  893.13355  22.6%   222 9836s
 32690 14813  906.94343   97  701 1154.07000  893.13355  22.6%   216 10568s
 32726 15348  906.93949  100  648 1154.07000  893.13355  22.6%   216 10744s
H32755 15346                    1153.3700000  893.13355  22.6%   216 10744s
 33317 16489  907.34640  108  619 1153.37000  893.13355  22.6%   213 10771s
 34584 16632  908.00230  121  639 1153.37000  893.14983  22.6%   208 11139s
H34746 16632                    1153.2700000  893.14983  22.6%   207 11139s
 34769 16658  908.51619  127  591 1153.27000  893.14983  22.6%   207 11542s
 34804 16687  908.46848  127  582 1153.27000  893.14983  22.6%   208 12610s
H34806 16686                    1153.2300000  893.14983  22.6%   208 12610s
 34837 17705  908.47104  128  580 1153.23000  893.14983  22.6%   208 12640s
 35975 18316  909.56856  143  546 1153.23000  893.14983  22.6%   204 13064s
 36602 19535  909.60263  150  541 1153.23000  893.14983  22.6%   202 13096s
 37898 20996  910.86126  192  544 1153.23000  893.14983  22.6%   197 13129s
 38187 20996  893.27033   24  910 1153.23000  893.14983  22.6%   196 13130s
 39498 21823  918.74010  234  536 1153.23000  893.14983  22.6%   191 13161s
 40466 23369  940.17375  244  520 1153.23000  893.15154  22.6%   188 13202s
 42197 24453  955.46823  261  470 1153.23000  893.16011  22.6%   182 13329s
 43441 24590  985.46687  288  495 1153.23000  893.16011  22.6%   179 14437s
 43608 25917  979.11933  290  508 1153.23000  893.16011  22.6%   179 14483s
 45039 27074  996.55984  303  513 1153.23000  893.16011  22.6%   175 14520s
 46326 28496 1018.53307  316  492 1153.23000  893.16193  22.6%   172 14570s
 48086 28979 1069.16495  332  472 1153.23000  893.16193  22.6%   167 14608s
 48735 29002 infeasible  337      1153.23000  893.16193  22.6%   166 15218s
 48772 29034 1081.53025  334  466 1153.23000  893.16193  22.6%   166 16863s
 48804 29933 1083.28802  333  466 1153.23000  893.16193  22.6%   166 17408s
 49879 31656 1089.21533  342  466 1153.23000  893.16193  22.6%   164 17500s
 51971 33312 1111.87780  354  445 1153.23000  893.16193  22.6%   159 17573s
 53920 34971     cutoff  372      1153.23000  893.16193  22.6%   156 17653s
 55870 36727 1143.96095  378  440 1153.23000  893.16193  22.6%   152 17741s
 57961 38210  893.98334   29  868 1153.23000  893.16193  22.6%   149 17818s
 59621 38211 1033.72092  282  201 1153.23000  893.16193  22.6%   147 19174s
 59623 38212 1028.73990  303  359 1153.23000  893.16193  22.6%   147 19306s
 59624 38213  902.44002   90 1077 1153.23000  896.53553  22.3%   147 19357s
 59625 38214  911.91182  251  952 1153.23000  899.35464  22.0%   147 19400s
 59627 38215  928.31181  196  934 1153.23000  899.85666  22.0%   147 19405s
 59628 38216 1027.20818  299 1083 1153.23000  900.27884  21.9%   147 19420s
 59629 38216  920.60552  138 1134 1153.23000  900.71169  21.9%   147 19431s
 59631 38218  947.77069  198 1198 1153.23000  900.90319  21.9%   147 19443s
 59632 38218  958.15559  183 1228 1153.23000  900.91331  21.9%   147 19449s
 59633 38219  930.66369  197 1219 1153.23000  900.92412  21.9%   147 19453s
 59634 38220  947.38521  228 1261 1153.23000  900.92669  21.9%   147 19458s
 59635 38220 1118.37848  265 1257 1153.23000  900.92677  21.9%   147 19489s
 59636 38221  958.19230  302  668 1153.23000  901.32732  21.8%   147 19543s
 59637 38222  908.77367  177  955 1153.23000  901.51676  21.8%   147 19564s
 59638 38222  936.58851  240  962 1153.23000  901.51719  21.8%   147 19566s
 59639 38223 1119.05196  289  953 1153.23000  901.51723  21.8%   147 19601s
 59640 38224  989.22671  311  688 1153.23000  901.97997  21.8%   147 19648s
 59641 38224 1118.66051  297  807 1153.23000  901.97997  21.8%   147 19659s
 59642 38225  932.65539  253  842 1153.23000  901.98492  21.8%   147 19661s
 59644 38226  950.70194  215  859 1153.23000  901.98512  21.8%   147 19691s
 59645 38227 1043.50073  277  707 1153.23000  902.11471  21.8%   147 19732s
 59646 38228  905.04356   68  878 1153.23000  902.27712  21.8%   147 19735s
 59647 38228  904.09073  150  906 1153.23000  902.27712  21.8%   147 19765s
 59648 38229  928.84323  141  694 1153.23000  902.28984  21.8%   147 19807s
 59649 38230  911.20201   43  883 1153.23000  902.29449  21.8%   147 19822s
 59650 38230  926.06720  180  866 1153.23000  902.29895  21.8%   147 19826s
 59652 38232 1041.98827  280  885 1153.23000  902.29945  21.8%   147 19876s
 59653 38232  902.33372  139  777 1153.23000  902.33372  21.8%   147 19930s
 59654 38233  902.34998  129  967 1153.23000  902.34998  21.8%   147 19948s
 59656 38234  938.62653  324  968 1153.23000  902.35040  21.8%   147 19950s
 59657 38235  906.49351   57  950 1153.23000  902.35040  21.8%   147 19989s
 59658 38236  902.45744   82  857 1153.23000  902.45744  21.7%   147 20041s
 59659 38236  919.55794  188  950 1153.23000  902.45744  21.7%   147 20064s
 59660 38237  909.30855  129  950 1153.23000  902.45744  21.7%   147 20065s
 59662 38238 1090.44574  332  967 1153.23000  902.45744  21.7%   147 20098s
 59663 38239 1020.75080  307  843 1153.23000  902.45744  21.7%   147 20147s
 59664 38240 1130.50097  376  909 1153.23000  902.45744  21.7%   147 20152s
 59666 38241 1041.59618  324  968 1153.23000  902.45744  21.7%   147 20188s
 59667 38242  902.45744   59  747 1153.23000  902.45744  21.7%   147 20231s
 59668 38242  906.52061   99 1008 1153.23000  902.45744  21.7%   147 20281s
 59669 38243  909.57266  196  866 1153.23000  902.45744  21.7%   147 20329s
 59670 38244  960.04009  231 1003 1153.23000  902.45744  21.7%   147 20348s
 59671 38244  908.10764  118 1068 1153.23000  902.45744  21.7%   147 20350s
 59672 38245  954.62297  291 1089 1153.23000  902.45744  21.7%   147 20361s
 59673 38246  950.96858  340 1071 1153.23000  902.45744  21.7%   147 20400s
 59674 38246 1038.26302  298  842 1153.23000  902.45744  21.7%   147 20442s
 59676 38248 1007.71599  263  983 1153.23000  902.45744  21.7%   147 20446s
 59678 38249  938.40295  209 1037 1153.23000  902.45744  21.7%   147 20482s
 59679 38250 1104.45216  382  852 1153.23000  902.65928  21.7%   147 20574s
 59680 38250  914.28780  120  950 1153.23000  902.65928  21.7%   147 20575s
 59681 38251  902.65928   73  982 1153.23000  902.65928  21.7%   147 20615s
 59682 38252 1068.71800  294  855 1153.23000  902.68601  21.7%   147 20655s
 59683 38252  902.68601   62  985 1153.23000  902.68601  21.7%   147 20690s
 59684 38253  959.74117  292  880 1153.23000  902.68601  21.7%   147 20753s
 59687 38255  924.85186  220  940 1153.23000  902.68601  21.7%   147 20755s
 59690 38257  903.23591   31 1058 1153.23000  903.23591  21.7%   147 20796s
 59691 38258  938.85000  635  993 1153.23000  903.47433  21.7%   147 20866s
 59693 38259 1043.26397  446 1052 1153.23000  903.47433  21.7%   147 20911s
 59694 38260  903.92865   67 1024 1153.23000  903.92865  21.6%   147 20967s
 59696 38261  952.02157  183 1076 1153.23000  904.55912  21.6%   147 20970s
 59700 38264  910.78452  142 1113 1153.23000  904.62544  21.6%   147 21011s
 59701 38264  905.57111   75  872 1153.23000  905.57111  21.5%   147 21055s
 59704 38266 1030.31797  326 1000 1153.23000  905.63367  21.5%   147 21060s
 59708 38269  916.24639  195 1060 1153.23000  905.71406  21.5%   147 21091s
H59708 36354                    1153.2100000  905.72834  21.5%   147 21215s
H59709 34535                    1151.3800000  905.72834  21.3%   147 21219s
H59709 32807                    1151.3700000  905.72834  21.3%   147 21219s
 59710 32807  966.76527  220 1097 1151.37000  905.72834  21.3%   147 21220s
 59713 32809  918.21836  203 1068 1151.37000  905.72965  21.3%   147 21263s
 59714 32810  905.74318  154  905 1151.37000  905.74318  21.3%   147 21312s
 59716 32811  905.74486   39 1046 1151.37000  905.74486  21.3%   147 21350s
 59717 32812  910.75218   36  911 1151.37000  906.46444  21.3%   147 21466s
 59720 32814  908.19025   87 1027 1151.37000  908.19025  21.1%   147 21470s
 59723 32816 1028.73990  303 1063 1151.37000  908.26895  21.1%   147 21510s
 59724 32817  908.45461   90  920 1151.37000  908.45461  21.1%   147 21564s
 59725 32817  911.91182  251 1003 1151.37000  908.45461  21.1%   147 21565s
 59726 32818  908.98891  102  998 1151.37000  908.45461  21.1%   147 21606s
 59727 32819  928.31181  196  876 1151.37000  908.73956  21.1%   147 21756s
 59730 32821 1149.21633  397  994 1151.37000  910.16452  20.9%   147 21760s
H59733 31180                    1151.3000000  910.18698  20.9%   147 21799s
H59733 29619                    1151.2300000  910.18698  20.9%   147 21799s
 59734 29619  947.38521  228 1049 1151.23000  910.18698  20.9%   147 21800s
 59735 29620 1118.37848  265  843 1151.23000  910.19753  20.9%   147 21845s
 59738 29622  936.58851  240  995 1151.23000  910.20481  20.9%   147 21880s
 59739 29623 1119.05196  289  867 1151.23000  910.20687  20.9%   147 21928s
 59740 29623  989.22671  311 1011 1151.23000  910.20687  20.9%   147 21970s
 59741 29624 1118.66051  297  843 1151.23000  910.21043  20.9%   147 22009s
 59742 29625  932.65539  253  853 1151.23000  910.21043  20.9%   147 22047s
 59743 29625  917.41185   72  832 1151.23000  910.21269  20.9%   147 22192s
 59745 29627 1043.50073  277  949 1151.23000  910.21269  20.9%   147 22234s
 59746 29627  910.21536   68  791 1151.23000  910.21536  20.9%   147 22283s
 59747 29628  910.21536  150  856 1151.23000  910.21536  20.9%   147 22324s
 59748 29629  928.84323  141  816 1151.23000  910.22541  20.9%   147 22481s
 59749 29629  911.20201   43  925 1151.23000  910.22541  20.9%   147 22527s
 59750 29630  926.06720  180  852 1151.23000  910.22541  20.9%   147 22569s
 59751 29631  971.23597  286 1012 1151.23000  910.22541  20.9%   147 22572s
 59753 29632  910.22541  139 1102 1151.23000  910.22541  20.9%   147 22617s
 59754 29633  910.22541  129  802 1151.23000  910.22541  20.9%   147 23115s
 59756 29634  938.62653  324  902 1151.23000  910.22541  20.9%   147 23173s
 59757 29635  910.29695   57  910 1151.23000  910.29695  20.9%   147 23508s
 59758 29635  910.29737   82  948 1151.23000  910.29737  20.9%   147 23510s
 59759 29636  919.55794  188  946 1151.23000  910.29738  20.9%   147 23559s
 59760 29637  910.29824  129  828 1151.23000  910.29824  20.9%   147 23740s
 59761 29637  954.93692  174  925 1151.23000  910.29824  20.9%   147 23780s
 59762 29638 1090.44574  332  821 1151.23000  910.30013  20.9%   147 23843s
 59763 29639 1020.75080  307  893 1151.23000  910.30013  20.9%   147 23892s
 59764 29639 1130.50097  376  884 1151.23000  910.30180  20.9%   147 24164s
 59765 29640  927.41062  306  959 1151.23000  910.30180  20.9%   147 24224s
 59766 29641 1041.59618  324  816 1151.23000  910.30887  20.9%   147 24345s
 59768 29642  910.30887   99  974 1151.23000  910.30887  20.9%   147 24408s
 59769 29643  910.31207  196  814 1151.23000  910.31207  20.9%   147 24478s
 59770 29643  960.04009  231  976 1151.23000  910.31207  20.9%   147 24540s
 59771 29644  910.31725  118  924 1151.23000  910.31725  20.9%   147 24639s
 59772 29645  954.62297  291 1017 1151.23000  910.31725  20.9%   147 24689s
 59773 29645  950.96858  340  775 1151.23000  910.32139  20.9%   147 24769s
H59773 28160                    1147.6200000  910.32139  20.7%   147 24770s
H59773 26750                    1147.6100000  910.32139  20.7%   147 24770s
 59774 26751 1038.26302  298  882 1147.61000  910.32139  20.7%   147 24823s
 59775 26752  910.80459  130  807 1147.61000  910.32551  20.7%   147 24894s
H59775 25412                    1145.4500000  910.32551  20.5%   147 24896s
H59775 24138                    1145.4100000  910.32551  20.5%   147 24896s
 59776 24138 1007.71599  263  898 1145.41000  910.32551  20.5%   147 24951s
 59777 24139  910.32556   81  782 1145.41000  910.32556  20.5%   147 25009s
 59778 24140  938.40295  209  876 1145.41000  910.32556  20.5%   147 25070s
H59778 22931                    1145.3400000  910.32556  20.5%   147 25172s
H59778 21782                    1145.3100000  910.32556  20.5%   147 25172s
 59780 21783  914.28780  120  874 1145.31000  910.32556  20.5%   147 25179s
 59782 21786 1068.71800  294  201 1145.31000  910.32556  20.5%   170 25181s
 59784 21787  959.74117  292  359 1145.31000  910.32556  20.5%   170 25306s
 59785 21788  910.32556   48  471 1145.31000  910.32556  20.5%   170 25373s
 59786 21789 1137.57975  350  839 1145.31000  910.32556  20.5%   170 25435s
 59788 21790  910.32556  139  845 1145.31000  910.32556  20.5%   170 25443s
 59789 21791  938.40295  209  798 1145.31000  910.32556  20.5%   170 25446s
 59791 21792  938.85000  635  779 1145.31000  910.32556  20.5%   170 25457s
 59792 21793  910.32556  192  918 1145.31000  910.32556  20.5%   170 25461s
 59797 21796  990.52273  374  906 1145.31000  910.32556  20.5%   170 25465s
 59801 21799  910.32556   75  907 1145.31000  910.32556  20.5%   170 25472s
 59802 21799  951.81247  396  908 1145.31000  910.32556  20.5%   170 25488s
 59803 21800  959.25000  587  718 1145.31000  910.32556  20.5%   170 25533s
 59804 21801 1030.31797  326  715 1145.31000  910.34506  20.5%   170 25563s
 59805 21801  929.02139  311  865 1145.31000  910.35334  20.5%   170 25569s
 59806 21802  910.35462   34  882 1145.31000  910.35462  20.5%   170 25576s
 59810 21805  966.76527  220  914 1145.31000  910.36056  20.5%   170 25581s
 59812 21806  910.36805  194  958 1145.31000  910.36805  20.5%   170 25589s
 59813 21807  918.21836  203  958 1145.31000  910.36914  20.5%   170 25590s
 59814 21807  910.36914  154  960 1145.31000  910.36914  20.5%   170 25629s
 59815 21808  995.89112   56  727 1145.31000  910.38083  20.5%   170 25675s
 59816 21809  910.38083   39  842 1145.31000  910.38083  20.5%   170 25718s
 59817 21809  910.75218   36  799 1145.31000  910.40593  20.5%   170 25758s
 59818 21810  910.40593  156  832 1145.31000  910.40593  20.5%   170 25761s
 59819 21811  950.13700  215  872 1145.31000  910.40593  20.5%   170 25766s
 59820 21811  910.40593   87  857 1145.31000  910.40593  20.5%   170 25797s
 59821 21812 1033.72092  282  760 1145.31000  910.42360  20.5%   170 25830s
 59822 21813  910.42360   47  860 1145.31000  910.42360  20.5%   170 25844s
 59823 21813 1028.73990  303  826 1145.31000  910.42369  20.5%   170 25845s
 59825 21815  911.91182  251  827 1145.31000  910.42488  20.5%   170 25877s
 59826 21815  910.45056  102  743 1145.31000  910.45056  20.5%   170 25912s
 59827 21816  928.31181  196  794 1145.31000  910.45056  20.5%   170 25938s
 59828 21817 1027.20818  299  814 1145.31000  910.45056  20.5%   170 25968s
 59829 21817  920.60552  138  712 1145.31000  910.46360  20.5%   170 26006s
 59830 21818 1145.31000  397  842 1145.31000  910.46360  20.5%   170 26014s
 59831 21819  947.77069  198  809 1145.31000  910.46360  20.5%   170 26015s
 59832 21819  958.15559  183  798 1145.31000  910.46360  20.5%   170 26045s
 59833 21820  930.66369  197  686 1145.31000  910.47337  20.5%   170 26076s
 59835 21821 1118.37848  265  841 1145.31000  910.47337  20.5%   170 26084s
 59836 21822  958.19230  302  883 1145.31000  910.47337  20.5%   170 26087s
 59838 21823  936.58851  240  884 1145.31000  910.47337  20.5%   170 26123s
 59839 21824 1119.05196  289  740 1145.31000  910.53759  20.5%   170 26155s
 59844 21827  950.70194  215  842 1145.31000  910.53759  20.5%   170 26191s
 59845 21828 1043.50073  277  777 1145.31000  910.53759  20.5%   170 26229s
 59846 21829  910.53759   68  785 1145.31000  910.53759  20.5%   170 26230s
 59847 21829  910.53759  150  802 1145.31000  910.53759  20.5%   170 26266s
 59848 21830  928.84323  141  723 1145.31000  910.53759  20.5%   170 26301s
 59849 21831  911.20201   43  751 1145.31000  910.53759  20.5%   170 26354s
 59850 21831  926.06720  180  705 1145.31000  910.53759  20.5%   170 26426s
H59850 20738                    1145.2800000  910.53759  20.5%   170 26426s
H59850 19700                    1145.1900000  910.53759  20.5%   170 26426s
 59851 19701  971.23597  286  729 1145.19000  910.53759  20.5%   170 26430s
 59852 19702 1041.98827  280  794 1145.19000  910.53759  20.5%   170 26458s
 59853 19702  910.53759  139  780 1145.19000  910.53759  20.5%   170 26496s
 59855 19704  945.22655  283  833 1145.19000  910.53759  20.5%   170 26531s
 59856 19704  938.62653  324  751 1145.19000  910.53759  20.5%   170 26567s
 59860 19707  910.53759  129  896 1145.19000  910.53759  20.5%   170 26598s
 59861 19708  954.93692  174  946 1145.19000  910.53759  20.5%   170 26647s
 59863 19709 1020.75080  307  985 1145.19000  910.53759  20.5%   170 26693s
 59864 19710 1130.50097  376  775 1145.19000  910.53759  20.5%   170 26743s
 59865 19710  927.41062  306  924 1145.19000  910.53759  20.5%   170 26787s
 59866 19711 1041.59618  324  836 1145.19000  910.63164  20.5%   170 26831s
 59868 19712  910.63164   99  855 1145.19000  910.63164  20.5%   170 26874s
 59869 19713  910.63164  196  731 1145.19000  910.63164  20.5%   170 27037s
 59870 19714  960.04009  231  866 1145.19000  910.63164  20.5%   170 27076s
 59871 19714  910.68122  118  740 1145.19000  910.68122  20.5%   170 27122s
 59872 19715  954.62297  291  868 1145.19000  910.68122  20.5%   170 27157s
 59873 19716  950.96858  340  723 1145.19000  910.68122  20.5%   170 27191s
 59878 19719  938.40295  209  885 1145.19000  910.68122  20.5%   170 27231s
 59879 19720 1104.45216  382  746 1145.19000  910.70755  20.5%   170 27277s
 59881 19721  910.70755   73  860 1145.19000  910.70755  20.5%   170 27316s
 59882 19722 1068.71800  294  810 1145.19000  910.70755  20.5%   170 27364s
 59883 19722  910.70755   62  871 1145.19000  910.70755  20.5%   170 27406s
 59884 19723  959.74117  292  763 1145.19000  910.70755  20.5%   170 27452s
 59886 19724 1137.57975  350  877 1145.19000  910.70755  20.5%   170 27455s
 59888 19726  910.70755  139  875 1145.19000  910.70755  20.5%   170 27492s
 59889 19726  938.40295  209  703 1145.19000  910.70755  20.5%   170 27614s
 59890 19727  910.70755   31  805 1145.19000  910.70755  20.5%   170 27615s
 59891 19728  938.85000  635  837 1145.19000  910.70755  20.5%   170 27658s
 59892 19728  910.70755  192  719 1145.19000  910.70755  20.5%   170 27719s
 59893 19729 1043.26397  446  857 1145.19000  910.70755  20.5%   170 27721s
 59894 19730  910.70755   67  855 1145.19000  910.70755  20.5%   170 27762s
 59895 19730  988.39714  273  736 1145.19000  910.70755  20.5%   170 27814s
 59896 19731  952.02157  183  864 1145.19000  910.70755  20.5%   170 27816s
 59897 19732  990.52273  374  856 1145.19000  910.70755  20.5%   170 27866s
 59898 19732  910.70755   27  838 1145.19000  910.70755  20.5%   170 27927s
 59899 19733  910.70755  118  931 1145.19000  910.70755  20.5%   170 27970s
 59900 19734  910.78452  142  718 1145.19000  910.70755  20.5%   170 28318s
 59901 19734  910.70755   75  828 1145.19000  910.70755  20.5%   170 28376s
 59902 19735  951.81247  396  758 1145.19000  910.70755  20.5%   170 28432s
 59903 19736  959.25000  587  799 1145.19000  910.70755  20.5%   170 28497s
 59904 19736 1030.31797  326  762 1145.19000  910.70755  20.5%   170 28728s
 59905 19737  929.02139  311  870 1145.19000  910.70755  20.5%   170 28799s

Cutting planes:
  Learned: 20
  Gomory: 3
  Lift-and-project: 20
  Cover: 304
  Implied bound: 54
  Projected implied bound: 6
  Clique: 1
  MIR: 352
  Mixing: 8
  StrongCG: 19
  Flow cover: 1307
  GUB cover: 16
  Zero half: 35
  Network: 213
  RLT: 12
  Relax-and-lift: 310

Explored 59905 nodes (11426748 simplex iterations) in 28807.14 seconds (4394.62 work units)
Thread count was 32 (of 96 available processors)

Solution count 10: 1145.19 1145.19 1145.28 ... 1151.23

Time limit reached
Best objective 1.145190000000e+03, best bound 9.107100000000e+02, gap 20.4752%

Wrote requested result file 'Optimization/gudenaa_new_area_200m_global30_constructive_network_repair/gudenaa_new_area_200m_global30_constructive_network_repair_continued_8h4h_stage2.mst'

