
Gurobi 13.0.2 (win64) logging started Thu Sep 17 21:28:38 2026

Set parameter LogFile to value "Optimization/gudenaa_new_area_200m_global30_constructive_network_repair/gudenaa_new_area_200m_global30_constructive_network_repair_stage3_quality_gurobi.log"
Set parameter OutputFlag to value 1
Set parameter InfUnbdInfo to value 1
Gurobi Optimizer version 13.0.2 build v13.0.2rc1 (win64 - Windows Server 2022.0 (20348.2))

CPU model: Intel(R) Xeon(R) Gold 6248R CPU @ 3.00GHz, instruction set [SSE2|AVX|AVX2|AVX512]
Thread count: 48 physical cores, 96 logical processors, using up to 32 threads

Non-default parameters:
TimeLimit  3600
MIPGap  0.005
InfUnbdInfo  1

Optimize a model with 392635 rows, 203187 columns and 1045366 nonzeros (Max)
Model fingerprint: 0x8e167465
Model has 121748 linear objective coefficients
Variable types: 55208 continuous, 147979 integer (0 binary)
Coefficient statistics:
  Matrix range     [5e-04, 9e+03]
  Objective range  [6e-20, 2e-03]
  Bounds range     [1e+00, 1e+00]
  RHS range        [1e+00, 7e+03]

Loaded user MIP start with objective 0.884436

Presolve removed 114409 rows and 5565 columns (presolve time = 5s)...
Presolve removed 119103 rows and 9525 columns
Presolve time: 6.90s
Presolved: 273532 rows, 193662 columns, 724930 nonzeros
Found heuristic solution: objective 0.9492117
Variable types: 54656 continuous, 139006 integer (138998 binary)
Deterministic concurrent LP optimizer: primal simplex, dual simplex, and barrier
Showing barrier log only...

Root barrier log...

Ordering time: 0.44s

Barrier statistics:
 AA' NZ     : 1.569e+06
 Factor NZ  : 9.604e+06 (roughly 270 MB of memory)
 Factor Ops : 1.031e+09 (less than 1 second per iteration)
 Threads    : 30

                  Objective                Residual
Iter       Primal          Dual         Primal    Dual     Compl     Time
   0   7.57132753e+04  4.84868292e+06  3.76e+07 0.00e+00  7.76e+02    10s
   1   5.43213430e+04  4.83388011e+06  2.87e+07 6.36e-02  6.22e+02    10s
   2   3.59659919e+04  4.68990610e+06  2.00e+07 2.92e-02  4.20e+02    10s
   3   2.01948991e+03  3.97671828e+06  1.13e+06 1.11e-15  2.98e+01    10s
   4   3.11681903e+02  7.25959400e+05  1.75e+05 5.11e-15  4.36e+00    11s
   5   1.62403458e+02  2.75180205e+05  9.12e+04 1.67e-15  2.01e+00    11s
   6   4.92215479e+01  1.18726031e+05  2.72e+04 8.88e-16  6.50e-01    11s
   7   1.26725851e+01  5.98949804e+04  6.49e+03 8.88e-16  1.99e-01    11s
   8   7.48234650e+00  2.16750462e+04  3.58e+03 9.99e-16  8.18e-02    11s
   9   4.31677716e+00  1.14283184e+04  1.82e+03 6.66e-16  3.91e-02    11s
  10   1.26916689e+00  3.65100170e+03  1.67e+02 4.44e-16  7.29e-03    12s
  11   9.56343207e-01  1.27467965e+03  1.27e+01 1.67e-16  2.08e-03    12s
  12   9.33635641e-01  4.56120457e+02  1.54e+00 1.43e-16  7.17e-04    12s
  13   9.33970136e-01  8.28230996e+01  1.59e-09 1.28e-16  1.28e-04    12s
  14   9.54132536e-01  4.57393101e+01  8.75e-10 7.03e-17  7.00e-05    12s
  15   9.57325557e-01  2.77493954e+01  7.64e-10 3.81e-17  4.19e-05    12s
  16   9.79713030e-01  1.75301081e+01  1.93e-09 2.51e-17  2.59e-05    13s
  17   9.84673147e-01  1.32055920e+01  1.56e-09 1.73e-17  1.91e-05    13s
  18   1.01567756e+00  9.56329029e+00  1.16e-09 1.09e-17  1.34e-05    13s
  19   1.03815209e+00  7.67895381e+00  1.61e-09 8.20e-18  1.04e-05    13s
  20   1.05553491e+00  6.63772094e+00  1.35e-09 6.07e-18  8.73e-06    13s
  21   1.08649505e+00  5.68877293e+00  1.22e-09 5.12e-18  7.20e-06    14s
  22   1.10334799e+00  4.50370610e+00  1.31e-09 4.08e-18  5.32e-06    14s
  23   1.20780283e+00  3.85806066e+00  1.96e-09 3.76e-18  4.14e-06    14s
  24   1.27541927e+00  3.26327837e+00  8.80e-10 2.48e-18  3.11e-06    14s
  25   1.29284023e+00  2.96845589e+00  9.46e-10 2.07e-18  2.62e-06    15s
  26   1.31246616e+00  2.56693838e+00  9.60e-10 1.37e-18  1.96e-06    15s
  27   1.38334456e+00  2.36030688e+00  2.90e-09 1.19e-18  1.53e-06    15s
  28   1.38907843e+00  2.27058761e+00  2.95e-09 1.11e-18  1.38e-06    15s
  29   1.42301761e+00  2.09010593e+00  2.04e-09 8.66e-19  1.04e-06    16s
  30   1.45124038e+00  2.02876659e+00  2.33e-09 7.99e-19  9.03e-07    16s
  31   1.46885150e+00  1.87368299e+00  2.49e-09 5.20e-19  6.33e-07    16s
  32   1.48821361e+00  1.84371006e+00  2.14e-09 5.18e-19  5.56e-07    16s
  33   1.50013651e+00  1.79720192e+00  1.83e-09 4.01e-19  4.65e-07    16s
  34   1.50283831e+00  1.78298224e+00  1.79e-09 4.31e-19  4.38e-07    17s
  35   1.52648903e+00  1.74831031e+00  6.98e-10 4.07e-19  3.47e-07    17s

Barrier performed 35 iterations in 16.96 seconds (12.44 work units)
Barrier solve interrupted - model solved by another algorithm

Concurrent spin time: 2.68s (can be avoided by choosing Method=3)

Solved with primal simplex

Root simplex log...

Iteration    Objective       Primal Inf.    Dual Inf.      Time
  164767    1.6074048e+00   0.000000e+00   0.000000e+00     17s

Extra simplex iterations after uncrush: 10

Root relaxation: objective 1.607405e+00, 164767 iterations, 9.52 seconds (5.74 work units)

    Nodes    |    Current Node    |     Objective Bounds      |     Work
 Expl Unexpl |  Obj  Depth IntInf | Incumbent    BestBd   Gap | It/Node Time

     0     0    1.60740    0  756    0.94921    1.60740  69.3%     -   20s
     0     0    1.60266    0 2218    0.94921    1.60266  68.8%     -   33s
     0     0    1.60100    0 2064    0.94921    1.60100  68.7%     -   37s
     0     0    1.59911    0 2104    0.94921    1.59911  68.5%     -   42s
     0     0    1.59911    0 2052    0.94921    1.59911  68.5%     -   45s
     0     0    1.59911    0 1992    0.94921    1.59911  68.5%     -   54s
     0     0    1.59892    0 1893    0.94921    1.59892  68.4%     -   56s
     0     0    1.59839    0 2003    0.94921    1.59839  68.4%     -   71s
     0     0    1.59839    0 2003    0.94921    1.59839  68.4%     -   74s
H    0     0                       1.1138999    1.59839  43.5%     -   77s
H    0     0                       1.1501600    1.59839  39.0%     -   77s
     0     0    1.59839    0 2099    1.15016    1.59839  39.0%     -   78s
     0     0    1.59809    0 1964    1.15016    1.59809  38.9%     -   82s
     0     0    1.59795    0 1995    1.15016    1.59795  38.9%     -   85s
     0     0    1.59781    0 1899    1.15016    1.59781  38.9%     -   89s
H    0     0                       1.2174022    1.59781  31.2%     -   90s
H    0     0                       1.2196620    1.59781  31.0%     -   91s
H    0     0                       1.2219525    1.59781  30.8%     -   91s
H    0     0                       1.2315750    1.59781  29.7%     -   91s
H    0     0                       1.2347897    1.59781  29.4%     -   92s
H    0     0                       1.2439980    1.59781  28.4%     -   94s
H    0     0                       1.2584554    1.59781  27.0%     -   95s
     0     0    1.59768    0 1854    1.25846    1.59768  27.0%     -   97s
     0     0    1.59761    0 1957    1.25846    1.59761  26.9%     -  101s
H    0     0                       1.3586669    1.59761  17.6%     -  103s
H    0     0                       1.3639064    1.59761  17.1%     -  104s
H    0     0                       1.3644957    1.59761  17.1%     -  105s
H    0     0                       1.3728737    1.59761  16.4%     -  105s
H    0     0                       1.3864564    1.59761  15.2%     -  107s
H    0     0                       1.3874796    1.59761  15.1%     -  107s
H    0     0                       1.3887814    1.59761  15.0%     -  108s
H    0     0                       1.3891368    1.59761  15.0%     -  112s
H    0     0                       1.3929729    1.59761  14.7%     -  112s
H    0     0                       1.3957985    1.59761  14.5%     -  114s
H    0     0                       1.3960700    1.59761  14.4%     -  121s
H    0     0                       1.3974780    1.59761  14.3%     -  122s
     0     0    1.59761    0 1844    1.39748    1.59761  14.3%     -  123s
     0     0    1.59761    0 1792    1.39748    1.59761  14.3%     -  127s
     0     0    1.59727    0 1829    1.39748    1.59727  14.3%     -  131s
     0     0    1.59621    0 1726    1.39748    1.59621  14.2%     -  139s
     0     0    1.59620    0 1255    1.39748    1.59620  14.2%     -  146s
H    0     0                       1.3979137    1.59620  14.2%     -  147s
H    0     0                       1.4015334    1.59620  13.9%     -  148s
H    0     0                       1.4017888    1.59620  13.9%     -  151s
H    0     0                       1.4030865    1.59620  13.8%     -  151s
H    0     0                       1.4040134    1.59620  13.7%     -  155s
H    0     0                       1.4052580    1.59620  13.6%     -  157s
H    0     0                       1.4127473    1.59620  13.0%     -  158s
H    0     0                       1.4172547    1.59620  12.6%     -  166s
H    0     0                       1.4185132    1.59620  12.5%     -  178s
H    0     0                       1.4190384    1.59620  12.5%     -  178s
H    0     0                       1.4194906    1.59620  12.4%     -  180s
H    0     0                       1.4195089    1.59620  12.4%     -  181s
     0     0    1.59513    0 1332    1.41951    1.59513  12.4%     -  183s
     0     0    1.59501    0 1206    1.41951    1.59501  12.4%     -  187s
H    0     0                       1.4216998    1.59501  12.2%     -  189s
H    0     0                       1.4288166    1.59501  11.6%     -  190s
H    0     0                       1.4291104    1.59501  11.6%     -  192s
H    0     0                       1.4291693    1.59501  11.6%     -  193s
H    0     0                       1.4292527    1.59501  11.6%     -  202s
     0     0    1.59501    0 1401    1.42925    1.59501  11.6%     -  203s
     0     0    1.59501    0 1429    1.42925    1.59501  11.6%     -  208s
     0     0    1.59492    0 1546    1.42925    1.59492  11.6%     -  210s
     0     0    1.59492    0 1433    1.42925    1.59492  11.6%     -  213s
     0     0    1.59492    0 1215    1.42925    1.59492  11.6%     -  217s
     0     0    1.59492    0 1356    1.42925    1.59492  11.6%     -  219s
     0     0    1.59492    0 1422    1.42925    1.59492  11.6%     -  222s
     0     0    1.59492    0 1408    1.42925    1.59492  11.6%     -  224s
     0     0    1.59492    0 1346    1.42925    1.59492  11.6%     -  228s
     0     0    1.59492    0 1160    1.42925    1.59492  11.6%     -  231s
     0     0    1.59489    0 1250    1.42925    1.59489  11.6%     -  233s
     0     0    1.59484    0 1264    1.42925    1.59484  11.6%     -  236s
     0     0    1.59484    0 1264    1.42925    1.59484  11.6%     -  238s
H    0     0                       1.4297024    1.59484  11.6%     -  239s
H    0     0                       1.4297559    1.59484  11.5%     -  240s
H    0     0                       1.4299420    1.59484  11.5%     -  240s
H    0     0                       1.4338180    1.59484  11.2%     -  240s
H    0     0                       1.4384535    1.59484  10.9%     -  241s
H    0     0                       1.4385093    1.59484  10.9%     -  244s
H    0     0                       1.4423109    1.59484  10.6%     -  244s
H    0     0                       1.4430070    1.59484  10.5%     -  244s
H    0     0                       1.4434825    1.59484  10.5%     -  244s
H    0     0                       1.4435902    1.59484  10.5%     -  246s
H    0     0                       1.4435903    1.59484  10.5%     -  246s
H    0     0                       1.4437414    1.59484  10.5%     -  255s
H    0     0                       1.4444831    1.59484  10.4%     -  257s
H    0     0                       1.4446269    1.59484  10.4%     -  259s
     0     0    1.59451    0 1513    1.44463    1.59451  10.4%     -  261s
     0     0    1.59451    0 1381    1.44463    1.59451  10.4%     -  264s
     0     0    1.59451    0 1607    1.44463    1.59451  10.4%     -  266s
     0     0    1.59404    0 1652    1.44463    1.59404  10.3%     -  270s
     0     0    1.59404    0 1742    1.44463    1.59404  10.3%     -  271s
     0     0    1.59391    0 1721    1.44463    1.59391  10.3%     -  275s
     0     0    1.59391    0 1684    1.44463    1.59391  10.3%     -  277s
     0     0    1.59391    0 1501    1.44463    1.59391  10.3%     -  281s
     0     0    1.59391    0 1746    1.44463    1.59391  10.3%     -  284s
     0     0    1.59391    0 1583    1.44463    1.59391  10.3%     -  287s
     0     0    1.59391    0 1583    1.44463    1.59391  10.3%     -  289s
H    0     0                       1.4493360    1.59391  10.0%     -  291s
H    0     0                       1.4494379    1.59391  10.0%     -  291s
H    0     0                       1.4543406    1.59391  9.60%     -  291s
H    0     0                       1.4543945    1.59391  9.59%     -  292s
H    0     0                       1.4561214    1.59391  9.46%     -  295s
H    0     0                       1.4568061    1.59391  9.41%     -  300s
     0     0    1.59391    0 1479    1.45681    1.59391  9.41%     -  300s
     0     0    1.59391    0 1580    1.45681    1.59391  9.41%     -  304s
     0     0    1.59391    0 1580    1.45681    1.59391  9.41%     -  305s
     0     0    1.59391    0 1580    1.45681    1.59391  9.41%     -  306s
     0     0    1.59391    0 1580    1.45681    1.59391  9.41%     -  307s
H    0     0                       1.4606246    1.59391  9.13%     -  312s
H    0     0                       1.4627412    1.59391  8.97%     -  313s
H    0     0                       1.4631019    1.59391  8.94%     -  313s
H    0     0                       1.4641258    1.59391  8.86%     -  315s
H    0     0                       1.4642232    1.59391  8.86%     -  315s
H    0     0                       1.4642854    1.59391  8.85%     -  317s
H    0     0                       1.4659859    1.59391  8.73%     -  317s
H    0     0                       1.4659950    1.59391  8.73%     -  323s
H    0     0                       1.4668223    1.59391  8.66%     -  324s
H    0     0                       1.4670095    1.59391  8.65%     -  324s
H    0     0                       1.4670779    1.59391  8.65%     -  326s
H    0     0                       1.4674164    1.59391  8.62%     -  326s
H    0     0                       1.4674765    1.59391  8.62%     -  327s
H    0     0                       1.4674772    1.59391  8.62%     -  357s
H    0     0                       1.4675493    1.59391  8.61%     -  371s
H    0     0                       1.4698005    1.59391  8.44%     -  372s
H    0     0                       1.4699027    1.59391  8.44%     -  372s
H    0     0                       1.4700103    1.59391  8.43%     -  377s
H    0     0                       1.4702434    1.59391  8.41%     -  377s
H    0     0                       1.4709204    1.59391  8.36%     -  378s
H    0     0                       1.4711204    1.59391  8.35%     -  381s
H    0     0                       1.4712108    1.59391  8.34%     -  382s
H    0     0                       1.4713295    1.59391  8.33%     -  384s
H    0     0                       1.4713840    1.59391  8.33%     -  397s
H    0     0                       1.4714016    1.59391  8.33%     -  397s
H    0     0                       1.4714049    1.59391  8.33%     -  401s
H    0     0                       1.4714056    1.59391  8.33%     -  402s
H    0     2                       1.4736508    1.59391  8.16%     -  413s
     0     2    1.59391    0 1580    1.47365    1.59391  8.16%     -  413s
H    1     4                       1.4736516    1.59391  8.16%   0.0  424s
H    1     4                       1.5205979    1.59391  4.82%   0.0  424s
H    3     8                       1.5206855    1.59391  4.82%  3459  437s
H    4     8                       1.5218328    1.59391  4.74%  2725  438s
H    6     8                       1.5259374    1.59391  4.45%  3813  438s
H    7    16                       1.5261481    1.59391  4.44%  3472  451s
H    8    16                       1.5296095    1.59391  4.20%  3060  451s
H   15    32                       1.5297348    1.59391  4.20%  3333  460s
H   31    64                       1.5297772    1.59391  4.19%  3041  524s
H   32    64                       1.5298902    1.59391  4.18%  2950  524s
H   33    64                       1.5301668    1.59391  4.17%  2888  525s
H   35    64                       1.5307199    1.59391  4.13%  2807  525s
H   41    64                       1.5307256    1.59391  4.13%  2631  525s
H   63    96                       1.5307270    1.59391  4.13%  2175  535s
    95   109    1.59391    7 1643    1.53073    1.59391  4.13%  2359  577s
H   96   109                       1.5313426    1.59391  4.09%  2335  577s
H  100   109                       1.5323408    1.59391  4.02%  2352  577s
H  123   109                       1.5325151    1.59391  4.01%  2424  577s
H  132   170                       1.5325158    1.59391  4.01%  2439  601s
   207   197    1.59191   10 2246    1.53252    1.59391  4.01%  2574  637s
H  208   197                       1.5333162    1.59391  3.95%  2562  637s
H  212   197                       1.5337796    1.59391  3.92%  2568  637s
H  240   271                       1.5337803    1.59391  3.92%  2643  659s
   344   299    1.59391   13 1703    1.53378    1.59391  3.92%  2437  746s
H  345   299                       1.5338531    1.59391  3.92%  2430  746s
H  348   299                       1.5340331    1.59391  3.90%  2409  746s
H  365   299                       1.5340441    1.59391  3.90%  2380  746s
H  375   299                       1.5342299    1.59391  3.89%  2322  746s
H  377   299                       1.5348303    1.59391  3.85%  2313  746s
   378   381    1.59391   14 1699    1.53483    1.59391  3.85%  2308  766s
   470   467    1.59136   16 1983    1.53483    1.59391  3.85%  2088  785s
H  570   495                       1.5348618    1.59391  3.85%  1947  866s
H  572   495                       1.5349870    1.59391  3.84%  1941  866s
H  574   495                       1.5352585    1.59391  3.82%  1935  866s
H  575   495                       1.5361525    1.59391  3.76%  1931  866s
H  602   581                       1.5361532    1.59391  3.76%  1911  886s
H  626   581                       1.5370312    1.59391  3.70%  1892  886s
   700   690    1.59023   18 2014    1.53703    1.59391  3.70%  1789  901s
H  813   799                       1.5370326    1.59391  3.70%  1631  914s
   934   829    1.59133   20 2142    1.53703    1.59391  3.70%  1566 1006s
H  937   829                       1.5373327    1.59391  3.68%  1561 1006s
H  940   829                       1.5375516    1.59391  3.67%  1557 1006s
H  966   864                       1.5375523    1.59391  3.67%  1537 1083s
H  968   864                       1.5376245    1.59391  3.66%  1534 1083s
H  971   864                       1.5376492    1.59391  3.66%  1536 1083s
H  973   864                       1.5376882    1.59391  3.66%  1532 1083s
H  974   864                       1.5377250    1.59391  3.65%  1531 1083s
H  980   864                       1.5377583    1.59391  3.65%  1528 1083s
H  996   864                       1.5377584    1.59391  3.65%  1507 1083s
H  997   864                       1.5379852    1.59391  3.64%  1506 1083s
H 1005   895                       1.5379977    1.59391  3.64%  1511 1196s
H 1007   895                       1.5380338    1.59391  3.63%  1509 1196s
H 1008   895                       1.5381257    1.59391  3.63%  1507 1196s
H 1014   895                       1.5381419    1.59391  3.63%  1499 1196s
H 1016   895                       1.5395222    1.59391  3.53%  1496 1196s
H 1036  1006                       1.5395230    1.59391  3.53%  1470 1213s
  1163  1127    1.58412   25 1892    1.53952    1.59391  3.53%  1435 1231s
  1292  1158    1.59391   23 1711    1.53952    1.59391  3.53%  1381 1338s
H 1293  1158                       1.5395544    1.59391  3.53%  1380 1338s
H 1294  1158                       1.5397043    1.59391  3.52%  1379 1339s
H 1301  1158                       1.5397200    1.59391  3.52%  1375 1339s
H 1302  1158                       1.5397577    1.59391  3.52%  1374 1339s
H 1308  1158                       1.5407746    1.59391  3.45%  1376 1339s
H 1323  1275                       1.5407753    1.59391  3.45%  1366 1358s
  1462  1317    1.59238   26 2043    1.54078    1.59391  3.45%  1331 1452s
H 1463  1317                       1.5409777    1.59391  3.44%  1330 1452s
H 1476  1317                       1.5410228    1.59391  3.43%  1324 1452s
H 1485  1317                       1.5410978    1.59391  3.43%  1325 1452s
H 1507  1317                       1.5411385    1.59391  3.42%  1323 1452s
H 1510  1345                       1.5411599    1.59391  3.42%  1322 1567s
H 1511  1345                       1.5412822    1.59391  3.41%  1321 1567s
H 1512  1345                       1.5420098    1.59391  3.37%  1321 1567s
H 1515  1345                       1.5427451    1.59391  3.32%  1318 1567s
H 1531  1345                       1.5431225    1.59391  3.29%  1326 1568s
H 1542  1461                       1.5431232    1.59391  3.29%  1322 1589s
H 1668  1493                       1.5434405    1.59391  3.27%  1305 1771s
H 1682  1493                       1.5585486    1.59391  2.27%  1303 1771s
  1700  1595    1.58235   32 1849    1.55855    1.59391  2.27%  1298 1793s
  1820  1665    1.59366   34 1626    1.55855    1.59391  2.27%  1277 1952s
H 1833  1665                       1.5585703    1.59391  2.27%  1272 1952s
H 1845  1665                       1.5586580    1.59391  2.26%  1264 1952s
H 1864  1665                       1.5586592    1.59391  2.26%  1265 1952s
H 1881  1665                       1.5587664    1.59391  2.25%  1261 1952s
H 1886  1665                       1.5591419    1.59391  2.23%  1270 1953s
  1906  1841    1.59066   45 2004    1.55914    1.59391  2.23%  1281 1976s
  2096  1869    1.59132   46 2022    1.55914    1.59391  2.23%  1271 2184s
H 2097  1868                       1.5591871    1.59391  2.23%  1270 2185s
H 2098  1865                       1.5595546    1.59391  2.20%  1270 2185s
H 2100  1865                       1.5595639    1.59391  2.20%  1268 2185s
H 2101  1865                       1.5597957    1.59391  2.19%  1268 2185s
H 2115  1865                       1.5598645    1.59391  2.18%  1265 2185s
  2128  2015    1.59358   46 1644    1.55986    1.59391  2.18%  1263 2208s
  2296  2201    1.59358   52 1635    1.55986    1.59391  2.18%  1283 2231s
  2506  2243    1.59358   53 1634    1.55986    1.59391  2.18%  1253 2448s
H 2509  2243                       1.5598689    1.59391  2.18%  1252 2448s
H 2510  2243                       1.5603188    1.59391  2.15%  1251 2448s
H 2520  2241                       1.5606821    1.59391  2.13%  1250 2448s
  2552  2290    1.59358   56 1631    1.56068    1.59391  2.13%  1243 2661s
H 2553  2290                       1.5614064    1.59391  2.08%  1243 2661s
  2613  2480    1.59358   57 1625    1.56141    1.59391  2.08%  1237 2684s
  2833  2639    1.57570   61 1698    1.56141    1.59391  2.08%  1212 2710s
  3043  2877    1.59358   65 1564    1.56141    1.59391  2.08%  1182 2736s
H 3318  2907                       1.5614453    1.59391  2.08%  1131 3089s
H 3319  2907                       1.5614706    1.59391  2.08%  1131 3090s
H 3321  2903                       1.5618946    1.59391  2.05%  1134 3090s
H 3344  2901                       1.5620919    1.59391  2.04%  1136 3090s
  3352  3203    1.59328   68 1571    1.56209    1.59391  2.04%  1136 3111s
  3713  3500 infeasible   83         1.56209    1.59391  2.04%  1086 3136s
  4102  3603 infeasible   98         1.56209    1.59391  2.04%  1036 3462s
H 4104  3581                       1.5621838    1.59391  2.03%  1035 3462s
H 4154  3573                       1.5625411    1.59391  2.01%  1031 3462s
H 4245  3594                       1.5625413    1.59391  2.01%  1018 3605s
H 4247  3588                       1.5625714    1.59391  2.01%  1018 3605s
H 4251  3588                       1.5626000    1.59391  2.00%  1017 3605s

Cutting planes:
  Gomory: 1
  Lift-and-project: 1
  Cover: 184
  Implied bound: 104
  MIR: 378
  StrongCG: 15
  Flow cover: 1695
  GUB cover: 3
  Inf proof: 2
  Zero half: 11
  Network: 816
  RLT: 2
  Relax-and-lift: 541

Explored 4283 nodes (4864826 simplex iterations) in 3606.84 seconds (1048.93 work units)
Thread count was 32 (of 96 available processors)

Solution count 10: 1.5626 1.56257 1.56254 ... 1.56141

Time limit reached
Best objective 1.562600037567e+00, best bound 1.593912450131e+00, gap 2.0039%
