
Gurobi 13.0.2 (win64) logging started Fri Sep 18 15:56:14 2026

Set parameter LogFile to value "Optimization/gudenaa_new_area_200m_global30_constructive_network_repair/gudenaa_new_area_200m_global30_constructive_network_repair_continued_8h4h_stage3_quality_gurobi.log"
Set parameter OutputFlag to value 1
Set parameter InfUnbdInfo to value 1
Gurobi Optimizer version 13.0.2 build v13.0.2rc1 (win64 - Windows Server 2022.0 (20348.2))

CPU model: Intel(R) Xeon(R) Gold 6248R CPU @ 3.00GHz, instruction set [SSE2|AVX|AVX2|AVX512]
Thread count: 48 physical cores, 96 logical processors, using up to 32 threads

Non-default parameters:
TimeLimit  14400
MIPGap  0.005
InfUnbdInfo  1

Optimize a model with 392635 rows, 203187 columns and 1045366 nonzeros (Max)
Model fingerprint: 0x3f4c5812
Model has 121748 linear objective coefficients
Variable types: 55208 continuous, 147979 integer (0 binary)
Coefficient statistics:
  Matrix range     [5e-04, 9e+03]
  Objective range  [6e-20, 2e-03]
  Bounds range     [1e+00, 1e+00]
  RHS range        [1e+00, 7e+03]

Loaded user MIP start with objective 0.953883

Presolve removed 114409 rows and 5812 columns (presolve time = 5s)...
Presolve removed 119103 rows and 9525 columns
Presolve time: 6.88s
Presolved: 273532 rows, 193662 columns, 724930 nonzeros
Found heuristic solution: objective 1.0295341
Variable types: 54656 continuous, 139006 integer (138998 binary)
Deterministic concurrent LP optimizer: primal simplex, dual simplex, and barrier
Showing barrier log only...

Root barrier log...

Ordering time: 0.44s

Barrier statistics:
 AA' NZ     : 1.569e+06
 Factor NZ  : 9.604e+06 (roughly 270 MB of memory)
 Factor Ops : 1.031e+09 (less than 1 second per iteration)
 Threads    : 30

                  Objective                Residual
Iter       Primal          Dual         Primal    Dual     Compl     Time
   0   7.57132600e+04  4.84868292e+06  3.76e+07 0.00e+00  7.76e+02    10s
   1   5.43216273e+04  4.83387036e+06  2.87e+07 6.36e-02  6.22e+02    10s
   2   3.59668545e+04  4.68980025e+06  2.00e+07 2.92e-02  4.20e+02    10s
   3   2.01950682e+03  3.97650953e+06  1.13e+06 1.55e-15  2.98e+01    10s
   4   2.66537346e+02  7.24809333e+05  1.50e+05 5.77e-15  3.90e+00    10s
   5   1.59278356e+02  3.42037891e+05  8.95e+04 3.22e-15  2.12e+00    11s
   6   6.02152051e+01  1.46030129e+05  3.35e+04 3.11e-15  8.18e-01    11s
   7   2.02309722e+01  7.67545361e+04  1.08e+04 1.78e-15  3.06e-01    11s
   8   1.40417685e+01  3.41049927e+04  7.29e+03 7.77e-16  1.68e-01    11s
   9   1.06674082e+01  2.54795045e+04  5.39e+03 9.99e-16  1.20e-01    11s
  10   6.17628653e+00  1.47567019e+04  2.86e+03 9.44e-16  6.09e-02    11s
  11   5.26545893e+00  8.41823647e+03  2.35e+03 5.27e-16  4.06e-02    12s
  12   4.87452041e+00  7.71338610e+03  2.13e+03 4.98e-16  3.65e-02    12s
  13   4.33218626e+00  6.78839996e+03  1.83e+03 3.89e-16  3.10e-02    12s
  14   3.37390433e+00  5.12275625e+03  1.30e+03 5.55e-16  2.17e-02    12s
  15   2.47530039e+00  3.56527142e+03  8.14e+02 1.08e-15  1.35e-02    12s
  16   1.89890753e+00  2.14909184e+03  5.03e+02 1.28e-15  7.85e-03    13s
  17   1.62163074e+00  1.91101356e+03  3.55e+02 1.17e-15  6.07e-03    13s
  18   1.33147596e+00  9.96634154e+02  2.02e+02 6.52e-16  3.10e-03    13s
  19   1.04260114e+00  5.43875872e+02  5.25e+01 2.64e-16  1.20e-03    13s
  20   9.61378549e-01  3.06860642e+02  1.06e+01 1.46e-16  5.38e-04    13s
  21   9.52668900e-01  1.38605596e+02  5.54e+00 1.43e-16  2.36e-04    13s
  22   9.51640386e-01  8.29890694e+01  1.79e+00 1.25e-16  1.33e-04    14s
  23   9.60825541e-01  3.89348350e+01  6.23e-01 8.55e-17  6.03e-05    14s
  24   9.78343700e-01  2.36566896e+01  1.45e-01 6.63e-17  3.56e-05    14s
  25   9.98916828e-01  1.26367724e+01  9.44e-02 3.38e-17  1.82e-05    14s
  26   1.00741684e+00  9.15532493e+00  8.44e-02 2.36e-17  1.28e-05    14s
  27   1.02862942e+00  7.89259502e+00  6.83e-02 2.25e-17  1.08e-05    14s
  28   1.05896269e+00  7.20166016e+00  5.26e-02 1.98e-17  9.62e-06    15s
  29   1.11561798e+00  5.72349714e+00  3.14e-02 1.57e-17  7.21e-06    15s
  30   1.16955012e+00  4.62282549e+00  2.01e-02 1.16e-17  5.40e-06    15s
  31   1.21862846e+00  3.87029741e+00  1.37e-02 1.04e-17  4.15e-06    15s
  32   1.25938979e+00  3.39503344e+00  9.90e-03 9.15e-18  3.34e-06    16s
  33   1.31337149e+00  2.94434692e+00  5.92e-03 7.25e-18  2.55e-06    16s

Barrier performed 33 iterations in 15.77 seconds (11.63 work units)
Barrier solve interrupted - model solved by another algorithm

Concurrent spin time: 2.36s (can be avoided by choosing Method=3)

Solved with primal simplex

Root simplex log...

Iteration    Objective       Primal Inf.    Dual Inf.      Time
  145900    1.5594576e+00   0.000000e+00   0.000000e+00     16s

Extra simplex iterations after uncrush: 10

Root relaxation: objective 1.559458e+00, 145900 iterations, 8.47 seconds (4.80 work units)

    Nodes    |    Current Node    |     Objective Bounds      |     Work
 Expl Unexpl |  Obj  Depth IntInf | Incumbent    BestBd   Gap | It/Node Time

     0     0    1.55946    0  906    1.02953    1.55946  51.5%     -   19s
     0     0    1.55427    0 1616    1.02953    1.55427  51.0%     -   30s
     0     0    1.54961    0 1583    1.02953    1.54961  50.5%     -   36s
     0     0    1.54662    0 1744    1.02953    1.54662  50.2%     -   43s
H    0     0                       1.1145360    1.54662  38.8%     -   45s
H    0     0                       1.1540446    1.54662  34.0%     -   46s
     0     0    1.54662    0 1667    1.15404    1.54662  34.0%     -   49s
     0     0    1.54531    0 1673    1.15404    1.54531  33.9%     -   60s
     0     0    1.54531    0 1597    1.15404    1.54531  33.9%     -   63s
     0     0    1.54322    0 1829    1.15404    1.54322  33.7%     -   72s
H    0     0                       1.1994085    1.54322  28.7%     -   74s
H    0     0                       1.2009053    1.54322  28.5%     -   74s
H    0     0                       1.2064625    1.54322  27.9%     -   74s
H    0     0                       1.2112527    1.54322  27.4%     -   75s
H    0     0                       1.2237250    1.54322  26.1%     -   75s
     0     0    1.54294    0 1910    1.22372    1.54294  26.1%     -   76s
     0     0    1.54294    0 2058    1.22372    1.54294  26.1%     -   80s
H    0     0                       1.4656576    1.54294  5.27%     -   82s
H    0     0                       1.4658776    1.54294  5.26%     -   83s
H    0     0                       1.4662156    1.54294  5.23%     -   83s
H    0     0                       1.4662444    1.54294  5.23%     -   83s
H    0     0                       1.4662663    1.54294  5.23%     -   83s
H    0     0                       1.4730620    1.54294  4.74%     -   83s
H    0     0                       1.4735132    1.54294  4.71%     -   83s
H    0     0                       1.4735200    1.54294  4.71%     -   84s
H    0     0                       1.4740897    1.54294  4.67%     -   84s
H    0     0                       1.4742500    1.54294  4.66%     -   84s
H    0     0                       1.4753039    1.54294  4.58%     -   84s
H    0     0                       1.4755070    1.54294  4.57%     -   85s
H    0     0                       1.4758933    1.54294  4.54%     -   85s
     0     0    1.54285    0 2009    1.47589    1.54285  4.54%     -   86s
     0     0    1.54238    0 1903    1.47589    1.54238  4.50%     -   90s
H    0     0                       1.4765434    1.54238  4.46%     -   92s
H    0     0                       1.4769540    1.54238  4.43%     -   92s
H    0     0                       1.4771430    1.54238  4.42%     -   92s
H    0     0                       1.4780935    1.54238  4.35%     -   93s
H    0     0                       1.4786825    1.54238  4.31%     -   94s
H    0     0                       1.4791460    1.54238  4.28%     -   96s
     0     0    1.54238    0 1781    1.47915    1.54238  4.28%     -   99s
     0     0    1.54238    0 1711    1.47915    1.54238  4.28%     -  103s
H    0     0                       1.4803760    1.54238  4.19%     -  104s
H    0     0                       1.4814287    1.54238  4.11%     -  105s
H    0     0                       1.4843232    1.54238  3.91%     -  107s
H    0     0                       1.4849841    1.54238  3.87%     -  107s
H    0     0                       1.4851557    1.54238  3.85%     -  108s
H    0     0                       1.4861995    1.54238  3.78%     -  109s
H    0     0                       1.4863153    1.54238  3.77%     -  109s
H    0     0                       1.4883724    1.54238  3.63%     -  116s
H    0     0                       1.4885376    1.54238  3.62%     -  116s
H    0     0                       1.4888469    1.54238  3.60%     -  117s
H    0     0                       1.4890471    1.54238  3.58%     -  119s
     0     0    1.54238    0 1698    1.48905    1.54238  3.58%     -  121s
     0     0    1.54238    0 1738    1.48905    1.54238  3.58%     -  124s
     0     0    1.54238    0 1738    1.48905    1.54238  3.58%     -  128s
     0     0    1.54238    0 1605    1.48905    1.54238  3.58%     -  131s
     0     0    1.54238    0 1751    1.48905    1.54238  3.58%     -  138s
     0     0    1.54238    0 1751    1.48905    1.54238  3.58%     -  142s
H    0     0                       1.4900958    1.54238  3.51%     -  143s
H    0     0                       1.4904276    1.54238  3.49%     -  144s
H    0     0                       1.4909750    1.54238  3.45%     -  146s
H    0     0                       1.4914247    1.54238  3.42%     -  150s
H    0     0                       1.4915709    1.54238  3.41%     -  152s
H    0     0                       1.4916590    1.54238  3.40%     -  152s
H    0     0                       1.4917239    1.54238  3.40%     -  156s
H    0     0                       1.4918960    1.54238  3.38%     -  156s
H    0     0                       1.4921906    1.54238  3.36%     -  159s
H    0     0                       1.4925961    1.54238  3.34%     -  161s
H    0     0                       1.4928067    1.54238  3.32%     -  167s
H    0     0                       1.4928828    1.54238  3.32%     -  173s
H    0     0                       1.4933938    1.54238  3.28%     -  176s
     0     0    1.54238    0 1755    1.49339    1.54238  3.28%     -  181s
     0     0    1.54238    0 1932    1.49339    1.54238  3.28%     -  185s
     0     0    1.54238    0 1413    1.49339    1.54238  3.28%     -  189s
H    0     0                       1.4935217    1.54238  3.27%     -  191s
H    0     0                       1.4939573    1.54238  3.24%     -  197s
H    0     0                       1.4940740    1.54238  3.23%     -  197s
     0     0    1.54177    0 1496    1.49407    1.54177  3.19%     -  199s
     0     0    1.54177    0 1455    1.49407    1.54177  3.19%     -  203s
     0     0    1.54177    0 1455    1.49407    1.54177  3.19%     -  205s
     0     0    1.54177    0 1765    1.49407    1.54177  3.19%     -  208s
     0     0    1.54177    0 1647    1.49407    1.54177  3.19%     -  213s
H    0     0                       1.4954064    1.54177  3.10%     -  219s
H    0     0                       1.4954243    1.54177  3.10%     -  220s
     0     0    1.54177    0 1370    1.49542    1.54177  3.10%     -  221s
     0     0    1.54177    0 1341    1.49542    1.54177  3.10%     -  225s
     0     0    1.54177    0  957    1.49542    1.54177  3.10%     -  229s
     0     0    1.54155    0 1227    1.49542    1.54155  3.08%     -  233s
     0     0    1.54128    0 1281    1.49542    1.54128  3.07%     -  237s
     0     0    1.54128    0 1281    1.49542    1.54128  3.07%     -  238s
     0     0    1.54031    0 1449    1.49542    1.54031  3.00%     -  247s
     0     0    1.54020    0 1881    1.49542    1.54020  2.99%     -  253s
H    0     0                       1.4958790    1.54020  2.96%     -  255s
H    0     0                       1.4959326    1.54020  2.96%     -  255s
H    0     0                       1.4959810    1.54020  2.96%     -  261s
H    0     0                       1.4960345    1.54020  2.95%     -  261s
H    0     0                       1.4960958    1.54020  2.95%     -  261s
H    0     0                       1.4961546    1.54020  2.94%     -  261s
H    0     0                       1.4961552    1.54020  2.94%     -  268s
     0     0    1.53985    0 1931    1.49616    1.53985  2.92%     -  269s
     0     0    1.53985    0 1726    1.49616    1.53985  2.92%     -  274s
H    0     0                       1.4961554    1.53985  2.92%     -  278s
H    0     0                       1.4961576    1.53985  2.92%     -  278s
H    0     0                       1.4962971    1.53985  2.91%     -  279s
H    0     0                       1.4965770    1.53985  2.89%     -  282s
H    0     0                       1.4966161    1.53985  2.89%     -  282s
H    0     0                       1.4966211    1.53985  2.89%     -  282s
H    0     0                       1.4966437    1.53985  2.89%     -  282s
     0     0    1.53985    0 1872    1.49664    1.53985  2.89%     -  283s
     0     0    1.53985    0 1693    1.49664    1.53985  2.89%     -  292s
H    0     0                       1.4968035    1.53985  2.88%     -  293s
H    0     0                       1.4969676    1.53985  2.86%     -  310s
H    0     0                       1.4970547    1.53985  2.86%     -  314s
     0     0    1.53985    0 1681    1.49705    1.53985  2.86%     -  315s
     0     0    1.53985    0 1561    1.49705    1.53985  2.86%     -  318s
     0     0    1.53985    0 1169    1.49705    1.53985  2.86%     -  321s
     0     0    1.53985    0 1262    1.49705    1.53985  2.86%     -  324s
     0     0    1.53985    0 1402    1.49705    1.53985  2.86%     -  328s
     0     0    1.53985    0 1402    1.49705    1.53985  2.86%     -  331s
     0     0    1.53985    0 1402    1.49705    1.53985  2.86%     -  332s
     0     0    1.53985    0 1402    1.49705    1.53985  2.86%     -  334s
     0     2    1.53985    0 1402    1.49705    1.53985  2.86%     -  377s
     1     4    1.53985    1 1413    1.49705    1.53985  2.86%  17.0  385s
     3     8    1.53985    2 1402    1.49705    1.53985  2.86%  2858  395s
     7    15    1.53985    3 1417    1.49705    1.53985  2.86%  3170  404s
    15    28    1.53985    4 1457    1.49705    1.53985  2.86%  2737  418s
    30    52    1.53985    5 1472    1.49705    1.53985  2.86%  4378  430s
H   58    46                       1.4971945    1.53985  2.85%  3464  442s
H   60    46                       1.4972616    1.53985  2.84%  3439  442s
H   70    46                       1.4974035    1.53985  2.83%  3178  442s
H   73    46                       1.4974125    1.53985  2.83%  3095  442s
H   74    46                       1.4975028    1.53985  2.83%  3092  442s
    90   113    1.53899    7 1379    1.49750    1.53985  2.83%  2976  468s
   175   143    1.53899   12 1414    1.49750    1.53985  2.83%  2189  505s
   207   175    1.53899   13 1414    1.49750    1.53985  2.83%  2204  540s
H  212   175                       1.4975256    1.53985  2.83%  2203  540s
H  239   267                       1.4975263    1.53985  2.83%  2213  561s
   346   361    1.53900   19 1436    1.49753    1.53985  2.83%  1904  576s
   446   450    1.53899   24 1431    1.49753    1.53985  2.83%  1678  597s
   545   497    1.53985   26 1425    1.49753    1.53985  2.83%  1574  619s
   600   570    1.53985   28 1395    1.49753    1.53985  2.83%  1524  637s
   688   607    1.53941   30 1685    1.49753    1.53985  2.83%  1487  661s
   731   683    1.53941   31 1684    1.49753    1.53985  2.83%  1436  694s
   818   761    1.53985   27 1810    1.49753    1.53985  2.83%  1427  715s
   906   788    1.53985   29 1669    1.49753    1.53985  2.83%  1397  777s
H  908   788                       1.4990027    1.53985  2.72%  1407  778s
   937   880    1.53985   30 1617    1.49900    1.53985  2.72%  1392  794s
  1034   993    1.52984   23 1448    1.49900    1.53985  2.72%  1327  810s
  1169  1127    1.52969   24 1456    1.49900    1.53985  2.72%  1249  828s
H 1311  1154                       1.4990112    1.53985  2.72%  1178  892s
H 1314  1154                       1.4990280    1.53985  2.72%  1176  892s
H 1326  1154                       1.4991173    1.53985  2.72%  1190  892s
  1341  1254    1.52927   29 1640    1.49912    1.53985  2.72%  1190  909s
  1463  1364    1.52902   35 1588    1.49912    1.53985  2.72%  1218  929s
  1589  1473    1.52969   40 1335    1.49912    1.53985  2.72%  1216  952s
H 1724  1504                       1.4991846    1.53985  2.71%  1254 1088s
H 1725  1504                       1.4992480    1.53985  2.71%  1253 1088s
H 1730  1504                       1.4992901    1.53985  2.71%  1251 1088s
H 1738  1504                       1.4992934    1.53985  2.71%  1250 1088s
  1756  1626    1.52906   43 1342    1.49929    1.53985  2.71%  1243 1104s
H 1902  1657                       1.4992934    1.53985  2.71%  1230 1198s
H 1903  1657                       1.4992940    1.53985  2.70%  1229 1198s
H 1908  1657                       1.4993325    1.53985  2.70%  1229 1198s
H 1915  1657                       1.4993327    1.53985  2.70%  1226 1198s
H 1920  1657                       1.4994164    1.53985  2.70%  1226 1198s
H 1932  1657                       1.4999544    1.53985  2.66%  1225 1198s
  1935  1786    1.52699   45 1595    1.49995    1.53985  2.66%  1228 1215s
  2072  1899 infeasible   49         1.49995    1.53985  2.66%  1235 1235s
  2202  2008    1.52538   50 1404    1.49995    1.53985  2.66%  1256 1258s
H 2322  2036                       1.5000824    1.53985  2.65%  1263 1350s
H 2324  2036                       1.5001132    1.53985  2.65%  1264 1350s
H 2325  2036                       1.5002364    1.53985  2.64%  1264 1350s
H 2327  2036                       1.5002805    1.53985  2.64%  1263 1350s
  2356  2163    1.52432   62 1362    1.50028    1.53985  2.64%  1277 1373s
  2501  2284    1.52537   69 1375    1.50028    1.53985  2.64%  1305 1397s
  2646  2408    1.52289   76 1421    1.50028    1.53985  2.64%  1340 1419s
H 2781  2437                       1.5003097    1.53985  2.64%  1345 1571s
H 2785  2437                       1.5003340    1.53985  2.63%  1346 1571s
H 2791  2437                       1.5003376    1.53985  2.63%  1344 1571s
  2814  2528    1.52263   81 1412    1.50034    1.53985  2.63%  1344 1598s
  2917  2636    1.52212   84 1400    1.50034    1.53985  2.63%  1354 1623s
  3043  2742    1.51971   88 1474    1.50034    1.53985  2.63%  1377 1647s
  3171  2785 infeasible   90         1.50034    1.53985  2.63%  1387 1742s
H 3173  2785                       1.5007079    1.53985  2.61%  1386 1742s
H 3218  2825                       1.5007092    1.53985  2.61%  1389 1883s
H 3221  2823                       1.5046262    1.53985  2.34%  1391 1883s
H 3226  2823                       1.5050913    1.53985  2.31%  1388 1883s
H 3231  2823                       1.5054485    1.53985  2.29%  1392 1883s
H 3232  2823                       1.5058787    1.53985  2.26%  1391 1883s
H 3251  2823                       1.5067508    1.53985  2.20%  1390 1883s
H 3261  2823                       1.5069456    1.53985  2.18%  1388 1883s
H 3262  2926                       1.5069503    1.53985  2.18%  1388 1906s
  3372  3027    1.51923  100 1569    1.50695    1.53985  2.18%  1385 1931s
  3487  3105    1.53837   81 1848    1.50695    1.53985  2.18%  1387 1967s
  3573  3207    1.51772  103 1832    1.50695    1.53985  2.18%  1385 1994s
  3690  3254    1.51736  107 1605    1.50695    1.53985  2.18%  1383 2195s
  3747  3340    1.51738  108 1622    1.50695    1.53985  2.18%  1384 2232s
H 3842  3362                       1.5076282    1.53985  2.14%  1383 2424s
H 3845  3359                       1.5078095    1.53985  2.12%  1383 2424s
H 3873  3356                       1.5078258    1.53985  2.12%  1397 2424s
  3885  3492    1.51790  113 1596    1.50783    1.53985  2.12%  1402 2456s
  4081  3493    1.51719   72 1402    1.50783    1.53985  2.12%  1450 2493s
H 4082  3319                       1.5078263    1.53985  2.12%  1449 2516s
H 4082  3153                       1.5078375    1.53985  2.12%  1449 2516s
H 4082  2995                       1.5078456    1.53985  2.12%  1449 2564s
  4084  2996    1.53417    9 1415    1.50785    1.53985  2.12%  1449 2641s
H 4084  2846                       1.5078463    1.53985  2.12%  1449 2651s
H 4084  2704                       1.5079963    1.53985  2.11%  1449 2651s
  4085  2705    1.53866   37 1570    1.50800    1.53985  2.11%  1448 2657s
  4086  2705    1.52426   65 1713    1.50800    1.53985  2.11%  1448 2672s
  4087  2706    1.51873   59 1833    1.50800    1.53985  2.11%  1447 2682s
  4088  2707    1.51762  118 2025    1.50800    1.53985  2.11%  1447 2692s
  4089  2707    1.51809   95 1931    1.50800    1.53985  2.11%  1447 2701s
  4090  2708    1.52010   55 1972    1.50800    1.53985  2.11%  1446 2710s
  4091  2709    1.51220  115 1801    1.50800    1.53985  2.11%  1446 2716s
  4092  2709    1.51876   84 1941    1.50800    1.53985  2.11%  1446 2724s
  4093  2710    1.51466   89 1961    1.50800    1.53985  2.11%  1445 2731s
  4094  2711    1.52145   67 1556    1.50800    1.53985  2.11%  1445 2743s
  4095  2711    1.52210   68 1840    1.50800    1.53985  2.11%  1445 2750s
  4096  2712    1.52221   88 1842    1.50800    1.53985  2.11%  1444 2763s
  4097  2713    1.51893   91 1843    1.50800    1.53985  2.11%  1444 2770s
  4098  2713    1.51311   98 1248    1.50800    1.53985  2.11%  1444 2781s
  4099  2714    1.51830   63 1458    1.50800    1.53985  2.11%  1443 2788s
  4100  2715    1.51593   98 1506    1.50800    1.53985  2.11%  1443 2826s
  4101  2715    1.53349   14 2018    1.50800    1.53985  2.11%  1443 2834s
  4102  2716    1.52020   72 1428    1.50800    1.53985  2.11%  1442 2847s
  4103  2717    1.52523   44 1816    1.50800    1.53985  2.11%  1442 2857s
  4104  2717    1.53299   14 1502    1.50800    1.53985  2.11%  1441 2871s
  4105  2718    1.51764  116 1464    1.50800    1.53985  2.11%  1441 2887s
  4106  2719    1.53943   43 1358    1.50800    1.53985  2.11%  1441 2901s
  4107  2719    1.52270   69 1481    1.50800    1.53985  2.11%  1440 2908s
  4108  2720    1.52489   36 1196    1.50800    1.53985  2.11%  1440 2925s
  4109  2721    1.52578   53 1132    1.50800    1.53985  2.11%  1440 2936s
  4110  2721    1.52727   25 1132    1.50800    1.53985  2.11%  1439 2954s
  4111  2725    1.53985   16 1137    1.50800    1.53985  2.11%  1594 2990s
  4113  2728    1.53985   17 1268    1.50800    1.53985  2.11%  1597 3000s
  4117  2735    1.53985   18 1212    1.50800    1.53985  2.11%  1596 3024s
  4125  2748    1.53985   19 1534    1.50800    1.53985  2.11%  1596 3156s
  4141  2775    1.53985   20 1421    1.50800    1.53985  2.11%  1614 3210s
  4173  2767    1.53985   21 1328    1.50800    1.53985  2.11%  1643 3238s
  4202  2889    1.53985   22 1314    1.50800    1.53985  2.11%  1688 3312s
  4336  2912    1.53709   26 1522    1.50800    1.53985  2.11%  1685 3350s
  4411  2937    1.53577   25 1574    1.50800    1.53985  2.11%  1725 3410s
  4469  3004    1.53843   25 1617    1.50800    1.53985  2.11%  1736 3435s
  4564  3063    1.53814   26 1615    1.50800    1.53985  2.11%  1732 3455s
  4667  3113 infeasible   27         1.50800    1.53985  2.11%  1716 3479s
  4761  3170 infeasible   28         1.50800    1.53985  2.11%  1698 3501s
  4860  3203    1.53544   29 1818    1.50800    1.53985  2.11%  1683 3521s
  4942  3251    1.53512   32 1787    1.50800    1.53985  2.11%  1689 3540s
  5044  3333    1.53470   33 1810    1.50800    1.53985  2.11%  1675 3558s
  5183  3320    1.53392   36 1674    1.50800    1.53985  2.11%  1648 3646s
  5220  3334    1.53446   36 1739    1.50800    1.53985  2.11%  1644 3751s
  5253  3379    1.53412   37 1703    1.50800    1.53985  2.11%  1643 3780s
  5325  3419 infeasible   53         1.50800    1.53985  2.11%  1633 3815s
  5416  3479    1.53412   38 1703    1.50800    1.53985  2.11%  1623 3859s
  5523  3532 infeasible   38         1.50800    1.53985  2.11%  1609 3891s
  5623  3614 infeasible   39         1.50800    1.53985  2.11%  1596 3963s
  5770  3665    1.53985   25 1543    1.50800    1.53985  2.11%  1581 3996s
  5903  3738    1.53985   26 1545    1.50800    1.53985  2.11%  1572 4028s
  6047  3847    1.53985   27 1450    1.50800    1.53985  2.11%  1555 4063s
  6238  3943    1.53985   28 1443    1.50800    1.53985  2.11%  1537 4096s
  6451  4046    1.53985   29 1451    1.50800    1.53985  2.11%  1517 4131s
  6652  4165    1.53985   30 1558    1.50800    1.53985  2.11%  1490 4167s
  6890  4286    1.53985   31 1535    1.50800    1.53985  2.11%  1452 4203s
  7120  4249    1.53985   32 1532    1.50800    1.53985  2.11%  1425 4261s
  7166  4289    1.53964   33 1565    1.50800    1.53985  2.11%  1422 4318s
  7223  4322    1.53937   34 1564    1.50800    1.53985  2.11%  1416 4380s
  7291  4427    1.53868   36 1545    1.50800    1.53985  2.11%  1412 4497s
  7448  4510    1.53539   45 1418    1.50800    1.53985  2.11%  1388 4543s
  7605  4615    1.53432   66 1350    1.50800    1.53985  2.11%  1366 4779s
  7806  4707    1.52967   83 1306    1.50800    1.53985  2.11%  1344 4840s
  8002  4860    1.52749  107 1351    1.50800    1.53985  2.11%  1326 4897s
  8237  4996    1.52749  122 1353    1.50800    1.53985  2.11%  1297 4963s
  8503  5190    1.52046  148 1248    1.50800    1.53985  2.11%  1269 5032s
  8861  5473    1.51588  172 1320    1.50800    1.53985  2.11%  1239 5095s
  9350  5719    1.51371  201 1319    1.50800    1.53985  2.11%  1201 5156s
  9829  6068    1.51116  232 1457    1.50800    1.53985  2.11%  1163 5220s
 10399  6641    1.51231  268 1341    1.50800    1.53985  2.11%  1118 5280s
 11280  7023    1.51233  308 1291    1.50800    1.53985  2.11%  1053 5354s
 11872  6826    1.50828  352 1157    1.50800    1.53985  2.11%  1024 5355s
 12077  7571    1.51056  352 1330    1.50800    1.53985  2.11%  1014 5399s
 13030  8177     cutoff  388         1.50800    1.53985  2.11%   981 5507s
 13834  8817    1.50853  386 1527    1.50800    1.53985  2.11%   957 5574s
 14634  9374    1.53741   24 1635    1.50800    1.53985  2.11%   936 5640s
 15305 10184    1.53330   45 1357    1.50800    1.53985  2.11%   928 5699s
 16226 11031    1.53035   85 1228    1.50800    1.53985  2.11%   911 5759s
 16882 11031    1.51232  271 1417    1.50800    1.53985  2.11%   897 5760s
 17174 11807 infeasible  146         1.50800    1.53985  2.11%   885 5839s
 17267 11807    1.51517  459 1300    1.50800    1.53985  2.11%   885 5840s
 18158 11831    1.51648  188 1520    1.50800    1.53985  2.11%   881 6422s
 18194 11894    1.51646  189 1523    1.50800    1.53985  2.11%   881 6663s
 18275 11993    1.51620  190 1521    1.50800    1.53985  2.11%   883 6762s
 18406 12093    1.51620  191 1510    1.50800    1.53985  2.11%   884 6856s
 18523 12211    1.51620  192 1510    1.50800    1.53985  2.11%   884 6963s
 18650 12313    1.51620  193 1509    1.50800    1.53985  2.11%   881 7136s
 18755 12492    1.51620  194 1509    1.50800    1.53985  2.11%   879 7233s
 18952 12675    1.51558  195 1435    1.50800    1.53985  2.11%   875 7340s
 19172 13158    1.51558  196 1434    1.50800    1.53985  2.11%   870 7494s
 19787 13955    1.51438  221 2231    1.50800    1.53985  2.11%   858 7609s
 20139 13955    1.53818   21 2044    1.50800    1.53985  2.11%   858 7610s
 20808 14657    1.51031  237 2051    1.50800    1.53985  2.11%   852 7883s
 21670 15315    1.50984  247 2564    1.50800    1.53985  2.11%   857 8314s
 22543 16135    1.50840  249 2548    1.50800    1.53985  2.11%   850 8557s
 23558 16941    1.50813  257 2496    1.50800    1.53985  2.11%   845 8706s
 24713 17767    1.53327  193 1460    1.50800    1.53985  2.11%   841 8802s
 25725 18519    1.51848  257 1443    1.50800    1.53985  2.11%   853 8908s
 26725 19247    1.51253  324 1407    1.50800    1.53985  2.11%   866 9058s
 27786 20041    1.50822  386 1465    1.50800    1.53985  2.11%   871 9175s
 28917 20714    1.53074   24 2941    1.50800    1.53985  2.11%   876 9316s
 29919 21574    1.52699   29 2502    1.50800    1.53985  2.11%   896 9495s
 31091 22407 infeasible   38         1.50800    1.53985  2.11%   908 9677s
 32320 23293 infeasible   42         1.50800    1.53985  2.11%   923 9885s
 33543 24204 infeasible   43         1.50800    1.53982  2.11%   932 10080s
 34735 24954    1.53667   94 1656    1.50800    1.53966  2.10%   929 10262s
 35738 25966    1.53396  161 1614    1.50800    1.53966  2.10%   928 10482s
 37129 27153    1.52794  227 1531    1.50800    1.53966  2.10%   939 10663s
 38210 27153    1.53309  161 1403    1.50800    1.53966  2.10%   933 10665s
 38737 27644    1.51964  291 1430    1.50800    1.53966  2.10%   927 13341s
 39346 28349    1.51841  292 1249    1.50800    1.53963  2.10%   929 14266s
 40193 28718    1.51841  293 1235    1.50800    1.53948  2.09%   938 14406s

Cutting planes:
  Learned: 105
  Gomory: 23
  Lift-and-project: 1
  Cover: 383
  Implied bound: 43
  Projected implied bound: 3
  MIR: 1001
  Mixing: 18
  StrongCG: 13
  Flow cover: 4093
  GUB cover: 8
  Inf proof: 21
  Zero half: 52
  Network: 382
  RLT: 22
  Relax-and-lift: 837

Explored 40634 nodes (38870310 simplex iterations) in 14410.58 seconds (7218.45 work units)
Thread count was 32 (of 96 available processors)

Solution count 10: 1.508 1.508 1.50785 ... 1.50781

Time limit reached
Best objective 1.507996306591e+00, best bound 1.539484179063e+00, gap 2.0881%

Wrote requested result file 'Optimization/gudenaa_new_area_200m_global30_constructive_network_repair/gudenaa_new_area_200m_global30_constructive_network_repair_continued_8h4h_stage3.mst'

