
Gurobi 13.0.2 (win64) logging started Thu Sep 17 19:28:28 2026

Set parameter LogFile to value "Optimization/gudenaa_new_area_200m_global30_constructive_network_repair/gudenaa_new_area_200m_global30_constructive_network_repair_stage2_minimum_change_gurobi.log"
Set parameter OutputFlag to value 1
Set parameter InfUnbdInfo to value 1
Gurobi Optimizer version 13.0.2 build v13.0.2rc1 (win64 - Windows Server 2022.0 (20348.2))

CPU model: Intel(R) Xeon(R) Gold 6248R CPU @ 3.00GHz, instruction set [SSE2|AVX|AVX2|AVX512]
Thread count: 48 physical cores, 96 logical processors, using up to 32 threads

Non-default parameters:
TimeLimit  7200
MIPGap  0.005
InfUnbdInfo  1

Optimize a model with 392635 rows, 203188 columns and 1045366 nonzeros (Min)
Model fingerprint: 0xdf424e9c
Model has 7129 linear objective coefficients
Variable types: 55209 continuous, 147979 integer (0 binary)
Coefficient statistics:
  Matrix range     [5e-04, 9e+03]
  Objective range  [1e+00, 4e+00]
  Bounds range     [1e+00, 7e+03]
  RHS range        [1e+00, 1e+04]

Loaded user MIP start with objective 8772.19

Presolve removed 267870 rows and 125466 columns
Presolve time: 4.70s
Presolved: 124765 rows, 77722 columns, 382382 nonzeros
Variable types: 54656 continuous, 23066 integer (22912 binary)
Found heuristic solution: objective 6942.1700000
Deterministic concurrent LP optimizer: primal and dual simplex
Showing primal log only...


Root simplex log...

Iteration    Objective       Primal Inf.    Dual Inf.      Time
       0    1.6395700e+03   4.114891e+03   4.524399e+09      6s
   24774    1.8536523e+03   0.000000e+00   1.442085e+02      6s
Concurrent spin time: 0.12s (can be avoided by choosing Method=3)

Solved with dual simplex

Root simplex log...

Iteration    Objective       Primal Inf.    Dual Inf.      Time
   10699    8.9247000e+02   0.000000e+00   0.000000e+00      6s

Root relaxation: objective 8.924700e+02, 10699 iterations, 1.40 seconds (1.17 work units)

    Nodes    |    Current Node    |     Objective Bounds      |     Work
 Expl Unexpl |  Obj  Depth IntInf | Incumbent    BestBd   Gap | It/Node Time

     0     0  892.47000    0  361 6942.17000  892.47000  87.1%     -    7s
H    0     0                    6693.5300000  892.47000  86.7%     -    7s
H    0     0                    6606.6200000  892.47000  86.5%     -    8s
H    0     0                    6546.1600000  892.47000  86.4%     -    8s
H    0     0                    6544.3800000  892.47000  86.4%     -    8s
H    0     0                    5962.6700000  892.47000  85.0%     -    8s
H    0     0                    5960.1300000  892.47000  85.0%     -   14s
H    0     0                    5700.2400000  892.47000  84.3%     -   14s
     0     0  892.47000    0  726 5700.24000  892.47000  84.3%     -   15s
H    0     0                    5699.2100000  892.47000  84.3%     -   16s
     0     0  892.47000    0  892 5699.21000  892.47000  84.3%     -   16s
H    0     0                    5697.1600000  892.47000  84.3%     -   20s
H    0     0                    5695.9700000  892.47000  84.3%     -   20s
H    0     0                    5435.4500000  892.47000  83.6%     -   20s
     0     0  892.47000    0  952 5435.45000  892.47000  83.6%     -   23s
     0     0  892.47000    0  222 5435.45000  892.47000  83.6%     -   27s
H    0     0                    5433.4900000  892.47000  83.6%     -   30s
H    0     0                    5431.5300000  892.47000  83.6%     -   30s
H    0     0                    5409.7500000  892.47000  83.5%     -   30s
H    0     0                    5402.6700000  892.47000  83.5%     -   30s
     0     0  892.47000    0  570 5402.67000  892.47000  83.5%     -   32s
     0     0  892.47000    0  772 5402.67000  892.47000  83.5%     -   37s
     0     0  892.47000    0  208 5402.67000  892.47000  83.5%     -   42s
     0     0  892.47000    0  533 5402.67000  892.47000  83.5%     -   44s
H    0     0                    5396.4800000  892.47000  83.5%     -   47s
H    0     0                    5396.1600000  892.47000  83.5%     -   47s
H    0     0                    5389.5500000  892.47000  83.4%     -   47s
H    0     0                    5375.3900000  892.47000  83.4%     -   47s
H    0     0                    5370.4500000  892.47000  83.4%     -   47s
H    0     0                    5370.3500000  892.47000  83.4%     -   47s
H    0     0                    5369.7500000  892.47000  83.4%     -   47s
     0     0  892.47000    0  679 5369.75000  892.47000  83.4%     -   49s
     0     0  892.47000    0  209 5369.75000  892.47000  83.4%     -   52s
H    0     0                    5362.5100000  892.47000  83.4%     -   52s
H    0     0                    5354.6200000  892.47000  83.3%     -   55s
H    0     0                    5354.5900000  892.47000  83.3%     -   55s
     0     0  892.47000    0  462 5354.59000  892.47000  83.3%     -   60s
     0     0  892.47000    0  546 5354.59000  892.47000  83.3%     -   66s
     0     0  892.47000    0  195 5354.59000  892.47000  83.3%     -   69s
     0     0  892.47000    0  538 5354.59000  892.47000  83.3%     -   77s
     0     0  892.47000    0  627 5354.59000  892.47000  83.3%     -   85s
     0     0  892.47000    0  194 5354.59000  892.47000  83.3%     -   88s
H    0     0                    5349.2300000  892.47000  83.3%     -   92s
     0     0  892.47000    0  577 5349.23000  892.47000  83.3%     -  101s
     0     0  892.47000    0  681 5349.23000  892.47000  83.3%     -  108s
     0     0  892.47000    0  213 5349.23000  892.47000  83.3%     -  111s
     0     0  892.47000    0  600 5349.23000  892.47000  83.3%     -  116s
     0     0  892.47000    0  654 5349.23000  892.47000  83.3%     -  121s
     0     0  892.47000    0  321 5349.23000  892.47000  83.3%     -  124s
     0     0  892.47000    0  321 5349.23000  892.47000  83.3%     -  125s
     0     0  892.47000    0  163 5349.23000  892.47000  83.3%     -  127s
     0     2  892.47000    0  106 5349.23000  892.47000  83.3%     -  139s
     3     8  892.47000    2  455 5349.23000  892.47000  83.3%   967  141s
    15    32  892.47000    4  762 5349.23000  892.47000  83.3%  3949  146s
    31    64  892.47000    5  734 5349.23000  892.47000  83.3%  4884  158s
    63    96  892.47000    6  778 5349.23000  892.47000  83.3%  3926  165s
    95   135  892.47000    7  777 5349.23000  892.47000  83.3%  3389  193s
   134   696  892.47000    8  773 5349.23000  892.47000  83.3%  2535  225s
   701  1001  892.47000   23  679 5349.23000  892.47000  83.3%   843  264s
  1017  2070  892.47385   25  649 5349.23000  892.47000  83.3%   677  289s
  2117  3255  899.23988   49  616 5349.23000  892.47000  83.3%   487  317s
  3400  6269  932.93000   53  599 5349.23000  892.47000  83.3%   389  341s
  6469  6301  932.93802   82  538 5349.23000  892.47000  83.3%   264  461s
  6501  6509  932.95986   83  534 5349.23000  892.47000  83.3%   264  651s
  6711  7558  932.96935   84  531 5349.23000  892.47000  83.3%   262  771s
  7803  9066  932.95989   84  532 5349.23000  892.47000  83.3%   239  882s
  9358 11189  932.96044   85  535 5349.23000  892.47000  83.3%   212 1006s
 11536 13325  932.97134   86  526 5349.23000  892.47000  83.3%   187 1111s
 13760 15699  932.99324   87  532 5349.23000  892.47000  83.3%   173 1205s
 16378 15700  978.51000  175  163 5349.23000  892.47000  83.3%   156 1250s
 16380 15701  931.15622  325  351 5349.23000  892.47000  83.3%   156 1320s
 16381 15702 1185.33798  316  225 5349.23000  892.47000  83.3%   156 1363s
H16381 14916                    5345.9100000  892.47000  83.3%   156 1403s
H16381 14170                    5345.5200000  892.47000  83.3%   156 1406s
H16381 13462                    5342.4600000  892.47000  83.3%   156 1406s
H16381 12789                    5253.2300000  892.47000  83.0%   156 1406s
H16381 12149                    5251.5600000  892.47000  83.0%   156 1406s
H16381 11542                    5251.3300000  892.47000  83.0%   156 1406s
 16383 11543  899.23000   35  250 5251.33000  892.47000  83.0%   156 1433s
H16383 10965                    5244.1800000  892.47000  83.0%   156 1439s
H16383 10417                    5243.8100000  892.47000  83.0%   156 1439s
 16384 10418  926.12000  199  424 5243.81000  892.47000  83.0%   156 1452s
 16385 10419  955.09000   95  230 5243.81000  892.47000  83.0%   156 1474s
H16385  9898                    5209.5900000  892.47000  82.9%   156 1480s
H16385  9403                    5082.3300000  892.47000  82.4%   156 1480s
H16385  8933                    5066.6900000  892.47000  82.4%   156 1480s
H16385  8486                    5060.1900000  892.47000  82.4%   156 1488s
H16385  8061                    5057.1300000  892.47000  82.4%   156 1488s
H16386  7658                    5053.9400000  892.47000  82.3%   156 1503s
H16386  7275                    5050.7500000  892.47000  82.3%   156 1503s
H16386  6911                    5049.4900000  892.47000  82.3%   156 1505s
H16386  6565                    5048.2600000  892.47000  82.3%   156 1505s
H16386  6237                    5045.7800000  892.47000  82.3%   156 1505s
H16386  5925                    5045.5300000  892.47000  82.3%   156 1505s
H16386  5629                    5038.2100000  892.47000  82.3%   156 1506s
 16388  5631 2694.85000  348  686 5038.21000  892.47000  82.3%   156 1515s
 16389  5631  970.61000  106  466 5038.21000  892.47000  82.3%   156 1526s
 16390  5632  892.54483    8  672 5038.21000  892.54483  82.3%   156 1534s
 16391  5633 1309.78080  373  581 5038.21000  892.56853  82.3%   156 1545s
 16392  5633 1614.91000   33  671 5038.21000  892.61167  82.3%   156 1553s
 16393  5634  895.35908  101  884 5038.21000  893.28620  82.3%   156 1568s
 16394  5635  906.50201  149  870 5038.21000  893.30113  82.3%   156 1579s
 16395  5635  952.39690  305  872 5038.21000  893.33088  82.3%   156 1591s
H16395  5353                    5025.1700000  893.35015  82.2%   156 1592s
H16395  5085                    5010.7900000  893.35015  82.2%   156 1592s
 16396  5086  899.23000   44  888 5010.79000  893.35015  82.2%   156 1597s
 16397  5087 1049.78134  597  890 5010.79000  893.36936  82.2%   156 1606s
 16400  5089  893.37641    9  964 5010.79000  893.37641  82.2%   156 1610s
 16402  5090  908.40866  114  990 5010.79000  893.37710  82.2%   156 1620s
 16403  5091  900.60382  125  556 5010.79000  893.42114  82.2%   156 1633s
 16404  5091 1213.30164  366  666 5010.79000  893.42275  82.2%   156 1639s
 16405  5092  895.13393   97  619 5010.79000  893.45207  82.2%   156 1651s
 16406  5093  893.46690   30  760 5010.79000  893.46690  82.2%   156 1660s
H16406  4837                    5007.4100000  893.48296  82.2%   156 1672s
H16406  4595                    5007.0500000  893.48296  82.2%   156 1672s
 16407  4595 2811.91000  531  703 5007.05000  893.48296  82.2%   156 1688s
 16408  4596  953.63000  538  775 5007.05000  893.48650  82.2%   156 1702s
 16409  4597  918.59387  130  891 5007.05000  893.56391  82.2%   156 1711s
 16412  4599  900.07247  160  952 5007.05000  893.57410  82.2%   156 1715s
 16414  4600  926.46395  340  893 5007.05000  893.57444  82.2%   156 1728s
 16415  4601  899.15961   38 1000 5007.05000  893.58689  82.2%   156 1752s
 16417  4602 1119.07000  390 1005 5007.05000  893.59109  82.2%   156 1755s
 16419  4603  893.59145    7  990 5007.05000  893.59145  82.2%   156 1761s
 16420  4604 2957.35000  524  971 5007.05000  893.60017  82.2%   156 1772s
 16422  4605 1037.55235  460 1000 5007.05000  893.62156  82.2%   156 1775s
 16425  4607  903.22639  175 1023 5007.05000  893.62207  82.2%   156 1784s
H16425  4376                    4636.8000000  893.66430  80.7%   156 1830s
H16425  4156                    4634.3100000  893.66430  80.7%   156 1832s
 16428  4158  893.68155   71  866 4634.31000  893.68155  80.7%   156 1835s
 16431  4160 2761.87000  482  898 4634.31000  893.68193  80.7%   156 1846s
 16432  4161  911.59146  178  655 4634.31000  893.70140  80.7%   156 1855s
 16439  4166  899.54862   57  855 4634.31000  893.71665  80.7%   156 1860s
 16441  4167  995.31530  316  878 4634.31000  893.71680  80.7%   156 1865s
H16441  3958                    4629.7300000  893.72573  80.7%   156 1877s
H16441  3759                    4628.9500000  893.72573  80.7%   156 1877s
 16442  3760  899.23000   25  658 4628.95000  893.72573  80.7%   156 1898s
 16444  3761  921.79371   81  841 4628.95000  893.72573  80.7%   156 1900s
 16446  3762 2972.33000  661  853 4628.95000  893.72573  80.7%   156 1905s
 16447  3763  968.66312  535  676 4628.95000  893.73461  80.7%   156 1920s
H16451  3576                    4332.0800000  893.74416  79.4%   156 1942s
H16451  3396                    4332.0700000  893.74416  79.4%   156 1942s
 16453  3397 1094.12130  163  648 4332.07000  893.74903  79.4%   156 1988s
 16455  3398  893.75522   13  838 4332.07000  893.75522  79.4%   156 1990s
 16459  3401 1071.41041  364  848 4332.07000  893.75699  79.4%   156 1998s
 16460  3402  893.76125   18  685 4332.07000  893.76125  79.4%   156 2008s
 16462  3403  923.67378  162  847 4332.07000  893.76551  79.4%   156 2010s
 16465  3405 1038.91000  156  891 4332.07000  893.77089  79.4%   156 2017s
 16467  3406 2816.71000  640  855 4332.07000  893.77102  79.4%   156 2021s
H16467  3234                    4327.4500000  893.78281  79.3%   156 2104s
H16467  3071                    4327.3900000  893.78281  79.3%   156 2105s
 16473  3075 2710.41000  193  889 4327.39000  893.78785  79.3%   156 2110s
 16476  3077  949.67646  181  893 4327.39000  893.78813  79.3%   156 2119s
 16477  3078 1158.21000  193  683 4327.39000  893.79702  79.3%   156 2129s
 16478  3079  978.51000  175  819 4327.39000  893.79817  79.3%   156 2130s
 16482  3081 3375.15000   55  831 4327.39000  893.83350  79.3%   156 2138s
 16483  3082  899.23000   35  714 4327.39000  893.84058  79.3%   155 2165s
H16483  2926                    4324.4900000  893.84319  79.3%   155 2166s
 16488  2929 2694.85000  348  843 4324.49000  893.84521  79.3%   155 2170s
 16490  2931  893.84552    8  861 4324.49000  893.84552  79.3%   155 2175s
 16491  2931 1309.78080  373  730 4324.49000  893.85005  79.3%   155 2184s
 16492  2932 1614.91000   33  816 4324.49000  893.85908  79.3%   155 2185s
 16495  2934  952.39690  305  919 4324.49000  893.86155  79.3%   155 2193s
 16496  2935  899.23000   44  789 4324.49000  893.86511  79.3%   155 2203s
 16498  2936 1150.34135  730  897 4324.49000  893.86653  79.3%   155 2211s
 16499  2937  899.38721   89  720 4324.49000  893.87211  79.3%   155 2223s
H16499  2788                    4029.2000000  893.87574  77.8%   155 2223s
H16499  2647                    4025.7500000  893.87574  77.8%   155 2223s
 16501  2648 2979.59000  919  859 4025.75000  893.87626  77.8%   155 2225s
 16504  2650 1213.30164  366  872 4025.75000  893.87703  77.8%   155 2232s
 16505  2651  895.13393   97  793 4025.75000  893.89198  77.8%   155 2241s
 16510  2654 1185.63269  318  934 4025.75000  893.89198  77.8%   155 2253s
 16511  2655 1091.70606  380  720 4025.75000  893.90326  77.8%   155 2266s
 16512  2655  900.07247  160  838 4025.75000  893.90707  77.8%   155 2270s
H16514  2522                    4022.1400000  893.90935  77.8%   155 2277s
H16514  2394                    4018.5300000  893.90935  77.8%   155 2277s
 16516  2395  946.71000  344  743 4018.53000  893.91243  77.8%   155 2285s
 16517  2396 1119.07000  390  813 4018.53000  893.91243  77.8%   155 2292s
 16519  2397  893.91243    7  843 4018.53000  893.91243  77.8%   155 2295s
 16520  2398 2957.35000  524  883 4018.53000  893.91243  77.8%   155 2300s
 16521  2398  917.27941  105  755 4018.53000  893.91981  77.8%   155 2310s
 16524  2400 1125.01701  413  920 4018.53000  893.92121  77.8%   155 2317s
 16525  2401  903.22639  175  770 4018.53000  893.92674  77.8%   155 2328s
 16526  2402  973.66261  243  882 4018.53000  893.92674  77.8%   155 2330s
 16530  2404  899.81429   70  930 4018.53000  893.92769  77.8%   155 2348s
 16531  2405 2761.87000  482  811 4018.53000  893.93127  77.8%   155 2360s
H16531  2282                    4014.2400000  893.93146  77.7%   155 2376s
H16531  2165                    4014.1300000  893.93146  77.7%   155 2376s
 16533  2166  893.93154    9  922 4014.13000  893.93154  77.7%   155 2384s
 16534  2167  909.50194  148  797 4014.13000  893.93418  77.7%   155 2402s
 16536  2168  893.93418   24  910 4014.13000  893.93418  77.7%   155 2405s
 16538  2170  893.93418   10  923 4014.13000  893.93418  77.7%   155 2412s
 16539  2170  899.54862   57  753 4014.13000  893.93548  77.7%   155 2422s
H16539  2059                    4014.0100000  893.93548  77.7%   155 2423s
H16539  1953                    4008.4400000  893.93548  77.7%   155 2423s
H16539  1853                    4006.2500000  893.93548  77.7%   155 2423s
 16541  1855  995.31530  316  926 4006.25000  893.93548  77.7%   155 2433s
 16542  1855  899.23000   25  794 4006.25000  893.93548  77.7%   155 2450s
 16547  1860  968.66312  535  351 4006.25000  893.95628  77.7%   234 2510s
 16548  1861 1018.47850  425  258 4006.25000  893.95628  77.7%   234 2545s
H16548  1767                    4000.8900000  893.95628  77.7%   234 2573s
 16550  1768  903.48060  184  796 4000.89000  893.95628  77.7%   234 2578s
 16551  1769 2816.71000  645  905 4000.89000  893.95628  77.7%   234 2581s
 16552  1770 3290.31000  363  887 4000.89000  893.95628  77.7%   234 2586s
 16554  1771 1076.95382  560  898 4000.89000  893.95628  77.7%   234 2590s
H16557  1685                    3993.2200000  893.95628  77.6%   234 2594s
H16557  1600                    3993.2100000  893.95628  77.6%   234 2594s
 16559  1601 1071.41041  364 1088 3993.21000  893.95628  77.6%   234 2595s
 16563  1604  917.61000   64 1083 3993.21000  893.95628  77.6%   234 2600s
H16566  1525                    3993.0900000  893.95628  77.6%   234 2610s
 16568  1526 1198.16522  402  728 3993.09000  893.95628  77.6%   234 2626s
H16568  1450                    3963.2000000  893.95628  77.4%   234 2634s
H16568  1377                    3963.0900000  893.95628  77.4%   234 2634s
 16569  1378 1071.39681  360  951 3963.09000  893.95628  77.4%   234 2635s
 16572  1380  893.95628   13 1020 3963.09000  893.95628  77.4%   233 2642s
 16573  1381 2710.41000  193  774 3963.09000  893.97058  77.4%   233 2654s
 16574  1381  899.84522  150  850 3963.09000  893.97058  77.4%   233 2659s
 16575  1382  970.63000  191  956 3963.09000  893.98593  77.4%   233 2668s
 16576  1383  949.67646  181 1000 3963.09000  893.98593  77.4%   233 2672s
 16577  1383 1158.21000  193 1005 3963.09000  893.98593  77.4%   233 2675s
 16579  1385 1119.07423  389 1005 3963.09000  893.98593  77.4%   233 2684s
 16580  1385  931.15622  325 1027 3963.09000  893.99547  77.4%   233 2690s
 16582  1387 3375.15000   55 1003 3963.09000  893.99547  77.4%   233 2699s
 16583  1387  899.23000   35  909 3963.09000  896.03715  77.4%   233 2714s
 16584  1388  926.12000  199  888 3963.09000  896.06067  77.4%   233 2724s
 16585  1389  955.09000   95  859 3963.09000  896.11112  77.4%   233 2726s
 16591  1393 1309.78080  373  923 3963.09000  896.15916  77.4%   233 2736s
 16592  1393 1614.91000   33  797 3963.09000  896.24706  77.4%   233 2743s
H16592  1322                    3959.1100000  898.01337  77.3%   233 2749s
H16592  1255                    3955.1400000  898.01337  77.3%   233 2749s
H16592  1192                    3955.1300000  898.01337  77.3%   233 2749s
 16594  1194  906.50201  149  841 3955.13000  898.09288  77.3%   233 2750s
 16596  1195  899.23000   44  845 3955.13000  898.09738  77.3%   233 2756s
 16597  1196 1049.78134  597  910 3955.13000  898.96719  77.3%   233 2774s
 16598  1196 1150.34135  730  985 3955.13000  898.98072  77.3%   233 2775s
H16600  1137                    3952.8500000  898.99230  77.3%   233 2781s
H16600  1079                    3950.5700000  898.99230  77.2%   233 2781s
 16602  1080  908.40866  114  981 3950.57000  899.34869  77.2%   233 2789s
 16604  1081 1213.30164  366  949 3950.57000  900.39804  77.2%   233 2790s
 16606  1083  900.40093   30  936 3950.57000  900.40093  77.2%   233 2795s
 16607  1083 2811.91000  531  895 3950.57000  900.61685  77.2%   233 2820s
H16607  1028                    3947.0700000  902.77151  77.1%   233 2820s
H16607   975                    3943.5700000  902.77151  77.1%   233 2820s
 16609   977  918.59387  130  904 3943.57000  902.77166  77.1%   233 2825s
 16610   977 1185.63269  318  911 3943.57000  902.79594  77.1%   233 2832s
 16611   978 1091.70606  380  917 3943.57000  902.79594  77.1%   233 2837s
H16611   928                    3939.7300000  902.79633  77.1%   233 2873s
H16611   881                    3935.8900000  902.79633  77.1%   233 2874s
H16612   837                    3934.0500000  902.79633  77.1%   233 2874s
H16612   794                    3926.5100000  902.79633  77.0%   233 2874s
 16613   794  902.79633  107  908 3926.51000  902.79633  77.0%   233 2878s
 16614   795  926.46395  340  906 3926.51000  902.79633  77.0%   233 2886s
 16615   796  902.79633   38  914 3926.51000  902.79633  77.0%   233 2890s
 16616   796  946.71000  344  899 3926.51000  902.79633  77.0%   233 2896s
 16621   761  917.27941  105  351 3926.51000  902.79633  77.0%   260 2958s
 16622   762 1037.55235  460  953 3926.51000  902.79633  77.0%   260 3004s
H16622   723                    3926.0100000  902.79633  77.0%   260 3038s
H16622   687                    3925.5100000  902.79633  77.0%   260 3038s
H16622   653                    3922.1600000  902.79633  77.0%   260 3038s
H16622   620                    3918.8200000  902.79633  77.0%   260 3038s
H16622   589                    3918.8100000  902.79633  77.0%   260 3038s
H16622   559                    3917.6000000  902.79633  77.0%   260 3038s
H16622   531                    3916.3900000  902.79633  76.9%   260 3038s
H16623   506                    3912.7700000  902.82499  76.9%   260 3052s
H16623   480                    3909.1500000  902.82499  76.9%   260 3052s
 16625   481  903.22639  175 1080 3909.15000  902.82499  76.9%   260 3058s
 16627   482 1040.01000  198  977 3909.15000  902.82499  76.9%   260 3061s
 16634   487  909.50194  148 1022 3909.15000  902.82499  76.9%   260 3065s
 16640   491  902.82499   31 1039 3909.15000  902.82499  76.9%   260 3077s
 16641   492  995.31530  316  967 3909.15000  902.88400  76.9%   260 3086s
 16642   492  902.88410   25  939 3909.15000  902.88410  76.9%   260 3094s
 16643   493  950.23000  361  756 3909.15000  902.89011  76.9%   260 3106s
 16644   494  921.79371   81  835 3909.15000  902.89079  76.9%   260 3117s
 16645   494  902.89089  109  846 3909.15000  902.89089  76.9%   260 3122s
 16646   495 2972.33000  661  728 3909.15000  902.89373  76.9%   260 3131s
 16648   496 1018.47850  425  777 3909.15000  902.89373  76.9%   260 3135s
 16649   497 1005.31000  409  722 3909.15000  902.89526  76.9%   260 3142s
H16649   472                    3889.5000000  902.89526  76.8%   260 3146s
H16649   448                    3889.2300000  902.89526  76.8%   260 3146s
 16651   449 2816.71000  645  801 3889.23000  902.89526  76.8%   260 3159s
 16652   450 3290.31000  363  793 3889.23000  902.89526  76.8%   260 3160s
 16654   451 1076.95382  560  682 3889.23000  902.89636  76.8%   260 3172s
 16655   452  902.89636   13  759 3889.23000  902.89636  76.8%   260 3181s
 16656   453  926.27000   89  666 3889.23000  902.89636  76.8%   260 3188s
 16657   453  934.79000  153  677 3889.23000  902.89636  76.8%   260 3192s
H16657   429                    3869.7400000  902.89636  76.7%   260 3207s
H16657   407                    3869.7300000  902.89636  76.7%   260 3207s
H16657   386                    3867.4100000  902.89636  76.7%   260 3207s
 16663   391  917.61000   64  351 3867.41000  902.89636  76.7%   277 3269s
 16664   392  923.69219  195  273 3867.41000  902.91875  76.7%   277 3315s
H16664   372                    3863.7600000  902.91875  76.6%   277 3411s
H16664   353                    3860.1700000  902.91875  76.6%   277 3411s
H16664   335                    3860.1100000  902.91875  76.6%   277 3411s
H16664   319                    3858.4100000  902.91875  76.6%   277 3411s
H16664   303                    3856.7100000  902.91875  76.6%   277 3411s
H16664   287                    3852.8700000  902.92386  76.6%   277 3411s
H16664   273                    3849.7900000  902.92386  76.5%   277 3412s
H16664   259                    3846.7100000  902.92386  76.5%   277 3412s
H16664   246                    2768.9300000  902.92386  67.4%   277 3412s
H16664   234                    2768.5000000  902.92386  67.4%   277 3412s
H16664   222                    2756.0800000  902.92386  67.2%   277 3412s
H16664   211                    2755.7400000  902.92386  67.2%   277 3412s
H16664   200                    2696.8700000  902.92386  66.5%   277 3412s
 16666   201  902.92386   64  974 2696.87000  902.92386  66.5%   277 3421s
 16667   202 2696.87000  640 1013 2696.87000  902.92386  66.5%   277 3425s
 16673   206 2696.87000  193  932 2696.87000  902.92386  66.5%   277 3430s
 16676   208  949.67646  181  946 2696.87000  902.92386  66.5%   277 3439s
 16677   209 1158.21000  193  944 2696.87000  902.92386  66.5%   277 3449s
 16678   209  978.51000  175 1013 2696.87000  902.92386  66.5%   277 3450s
 16681   211 1185.33798  316  995 2696.87000  902.92513  66.5%   276 3457s
 16682   212 2696.87000   55  980 2696.87000  902.92578  66.5%   276 3466s
 16684   213  926.12000  199  967 2696.87000  902.92601  66.5%   276 3474s
 16685   214  955.09000   95  948 2696.87000  902.92843  66.5%   276 3483s
 16686   215  902.92843   14  967 2696.87000  902.92843  66.5%   276 3489s
 16687   215  902.92843    6  934 2696.87000  902.92843  66.5%   276 3499s
 16688   216 2694.85000  348  934 2696.87000  902.95812  66.5%   276 3500s
 16690   217  902.96473    8  967 2696.87000  902.96473  66.5%   276 3506s
 16691   218 1309.78080  373  975 2696.87000  902.96589  66.5%   276 3516s
 16693   219  902.98471  101  986 2696.87000  902.98471  66.5%   276 3525s
 16694   220  906.50201  149  970 2696.87000  902.98704  66.5%   276 3535s
 16695   221  952.39690  305  965 2696.87000  902.98704  66.5%   276 3546s
 16696   221  902.98704   44  966 2696.87000  902.98704  66.5%   276 3558s
 16697   222 1049.78134  597  943 2696.87000  902.98704  66.5%   276 3565s
 16698   223 1150.34135  730  925 2696.87000  902.98704  66.5%   276 3575s
 16699   223  902.98704   89  970 2696.87000  902.98704  66.5%   276 3582s
 16700   224  902.98704    9  968 2696.87000  902.98704  66.5%   276 3590s
 16705   228  903.01199   97  351 2696.87000  903.01199  66.5%   296 3651s
 16706   229  903.01199   30  349 2696.87000  903.01199  66.5%   296 3704s
H16706   217                    2661.4700000  903.01199  66.1%   296 3742s
H16706   206                    2580.3100000  903.01199  65.0%   296 3742s
H16706   196                    2580.0700000  903.01199  65.0%   296 3743s
 16708   197  953.63000  538  943 2580.07000  903.01199  65.0%   296 3755s
 16709   198  918.59387  130  903 2580.07000  903.01199  65.0%   296 3763s
 16711   199 1091.70606  380  908 2580.07000  903.01199  65.0%   296 3765s
 16718   204  903.01199   22  979 2580.07000  903.01199  65.0%   296 3775s
 16719   205  903.03962    7  816 2580.07000  903.03962  65.0%   296 3785s
 16722   207 1037.55235  460  867 2580.07000  903.04078  65.0%   296 3793s
 16723   207  925.35574  126  753 2580.07000  903.12464  65.0%   296 3801s
 16724   208 1125.01701  413  802 2580.07000  903.12464  65.0%   296 3807s
 16725   209  903.22639  175  866 2580.07000  903.12464  65.0%   296 3816s
H16725   198                    2576.2100000  903.12464  64.9%   296 3818s
H16725   188                    2572.3500000  903.12464  64.9%   296 3818s
 16726   188  973.66261  243  921 2572.35000  903.12464  64.9%   296 3828s
 16727   189 1040.01000  198  797 2572.35000  903.12464  64.9%   296 3837s
 16728   190  903.12464   71  856 2572.35000  903.12464  64.9%   296 3850s
 16729   190  903.12464  178  760 2572.35000  903.12464  64.9%   296 3861s
H16729   180                    2571.9000000  903.12464  64.9%   296 3861s
H16729   170                    2571.8300000  903.12464  64.9%   296 3861s
 16730   171  903.12464   70  808 2571.83000  903.12464  64.9%   296 3865s
 16731   172 2571.83000  482  791 2571.83000  903.13425  64.9%   296 3873s
H16731   163                    2568.3000000  903.13425  64.8%   296 3877s
H16731   154                    2564.7700000  903.13425  64.8%   296 3877s
 16733   155  903.13425    9  841 2564.77000  903.13425  64.8%   295 3892s
 16734   156  909.50194  148  874 2564.77000  903.13425  64.8%   295 3902s
 16735   156  916.71000  293  771 2564.77000  903.13499  64.8%   295 3909s
 16736   157  903.13499   24  811 2564.77000  903.13499  64.8%   295 3912s
 16737   158  903.13499  111  810 2564.77000  903.13499  64.8%   295 3941s
 16738   158  903.13499   10  872 2564.77000  903.13499  64.8%   295 3948s
 16739   159  903.13499   57  810 2564.77000  903.13499  64.8%   295 3954s
 16742   162  903.13499   25  163 2564.77000  903.13499  64.8%   317 3955s
 16744   163  921.79371   81  351 2564.77000  903.15571  64.8%   317 4019s
 16745   164  903.15571  109  268 2564.77000  903.15571  64.8%   317 4062s
H16745   155                    2561.1600000  903.15571  64.7%   317 4107s
H16745   147                    2557.7700000  903.15571  64.7%   317 4107s
H16745   140                    2555.1900000  903.15571  64.7%   317 4107s
H16745   133                    2552.3900000  903.15571  64.6%   317 4107s
H16745   126                    2544.5900000  903.15571  64.5%   317 4107s
H16745   120                    2536.9100000  903.15571  64.4%   317 4107s
 16747   121  968.66312  535  839 2536.91000  903.15571  64.4%   317 4113s
 16748   122 1018.47850  425  905 2536.91000  903.15571  64.4%   317 4123s
 16749   123 1005.31000  409  881 2536.91000  903.15571  64.4%   317 4126s
 16751   124 2536.91000  645  870 2536.91000  903.15571  64.4%   317 4131s
 16755   127  903.15571   13  959 2536.91000  903.15571  64.4%   317 4135s
 16759   129 1071.41041  364  982 2536.91000  903.15571  64.4%   317 4143s
 16760   130  903.15571   18  790 2536.91000  903.15571  64.4%   317 4158s
 16761   131 2536.91000  792  843 2536.91000  903.15571  64.4%   316 4173s
 16762   131  923.67378  162  741 2536.91000  903.15571  64.4%   316 4182s
 16763   132  917.61000   64  835 2536.91000  903.15571  64.4%   316 4193s
H16763   125                    2536.7900000  903.15571  64.4%   316 4195s
H16763   118                    2536.6900000  903.15571  64.4%   316 4195s
H16763   112                    2536.6500000  903.15571  64.4%   316 4202s
 16765   113 1038.91000  156  781 2536.65000  903.15571  64.4%   316 4209s
 16766   114  903.15571   64  770 2536.65000  903.15571  64.4%   316 4215s
 16768   115 1198.16522  402  723 2536.65000  903.15571  64.4%   316 4226s
 16769   116 1071.39681  360  764 2536.65000  903.15571  64.4%   316 4230s
H16769   110                    2532.6500000  903.15571  64.3%   316 4238s
H16769   104                    2530.2700000  903.15571  64.3%   316 4238s
H16769    98                    2528.6500000  903.15571  64.3%   316 4238s
H16769    93                    2418.2400000  903.15571  62.7%   316 4238s
H16769    88                    2355.3500000  903.15571  61.7%   316 4238s
 16771    89  937.50651  208  695 2355.35000  903.15571  61.7%   316 4246s
 16772    90  903.15571   13  695 2355.35000  903.15571  61.7%   316 4273s
 16773    93  905.65407   55  670 2355.35000  903.15571  61.7%   332 4277s
 16778    98  909.78844   57  660 2355.35000  903.15870  61.7%   332 4280s
 16793   111  913.23634   59  714 2355.35000  903.16312  61.7%   333 4288s
 16813   132  913.23703   60  714 2355.35000  903.16449  61.7%   334 4295s
 16841   171  913.23844   61  696 2355.35000  903.16730  61.7%   334 4328s
H16868   157                    2326.3300000  903.16730  61.2%   334 4328s
 16889   205  913.23894   62  692 2326.33000  903.16771  61.2%   333 4333s
 16946   217  913.24768   63  679 2326.33000  903.16771  61.2%   333 4493s
H16947   212                    2318.4500000  903.16771  61.0%   333 4493s
H16960   202                    2311.8300000  903.16771  60.9%   334 4493s
 16978   222  913.24103   64  674 2311.83000  903.16771  60.9%   334 4610s
H16981   217                    2304.7100000  903.16771  60.8%   335 4610s
 17010   293  913.24415   64  651 2304.71000  903.16771  60.8%   335 4618s
 17088   355  917.60674   65  668 2304.71000  903.16771  60.8%   336 4623s
 17154   407  914.06626   66  655 2304.71000  903.16771  60.8%   337 4629s
 17210   460  914.63421   67  664 2304.71000  903.16771  60.8%   339 4634s
 17267   508  914.28788   68  646 2304.71000  903.16771  60.8%   340 4639s
 17319   563  916.13603   68  639 2304.71000  903.16771  60.8%   343 4649s
 17374   620  915.65555   70  704 2304.71000  903.16771  60.8%   345 4655s
 17432   671  919.19675   70  704 2304.71000  903.16771  60.8%   348 4681s
H17485   715                    2296.8300000  903.16771  60.7%   351 4753s
 17529   747  918.80197   71  682 2296.83000  903.16771  60.7%   353 4757s
 17561   781  915.76166   72  707 2296.83000  903.16771  60.7%   354 4836s
H17563   781                    2285.2500000  903.16771  60.5%   354 4836s
 17596   855  920.74894   72  701 2285.25000  903.16771  60.5%   354 4848s
 17670   944  918.12068   73  690 2285.25000  903.16771  60.5%   355 4859s
 17763  1027  915.93814   74  695 2285.25000  903.16771  60.5%   356 4870s
 17851  1120  920.53351   75  694 2285.25000  903.16771  60.5%   356 4878s
 17951  1184  916.27489   77  687 2285.25000  903.16771  60.5%   357 4894s
 18029  1212  916.52732   78  685 2285.25000  903.16771  60.5%   357 5042s
 18060  1242  921.91310   78  697 2285.25000  903.16771  60.5%   357 5114s
H18075  1242                    2278.6100000  903.16771  60.4%   357 5114s
 18093  1364  921.09894   79  678 2278.61000  903.16771  60.4%   357 5124s
 18254  1423  922.03127   80  752 2278.61000  903.16962  60.4%   356 5161s
 18351  1556  921.73263   80  671 2278.61000  903.16962  60.4%   358 5179s
 18530  1583  926.29294   82  681 2278.61000  903.16962  60.4%   358 5385s
H18561  1619                    2184.3100000  903.16962  58.7%   357 5706s
H18574  1619                    2175.3100000  903.16962  58.5%   357 5706s
H18578  1619                    2125.6300000  903.16962  57.5%   357 5706s
H18581  1619                    2052.6700000  903.16962  56.0%   357 5706s
 18602  1744  929.19871   83  676 2052.67000  903.16962  56.0%   357 5722s
 18762  1859  926.33119   85  666 2052.67000  903.16962  56.0%   356 5739s
 18896  2005  926.46622   87  673 2052.67000  903.16962  56.0%   356 5753s
 19056  2163  926.54690   89  673 2052.67000  903.16962  56.0%   355 5767s
 19238  2336  926.59319   91  661 2052.67000  903.16962  56.0%   353 5784s
 19430  2501  931.21871   93  680 2052.67000  903.16962  56.0%   352 5799s
 19621  2527  926.64674   95  682 2052.67000  903.16962  56.0%   353 6105s
H19622  2475                    1965.1100000  903.16962  54.0%   353 6105s
H19648  2475                    1965.0700000  903.16962  54.0%   353 6105s
 19654  2692  928.32301   95  654 1965.07000  903.16962  54.0%   353 6130s
 19906  2901  926.74337   99  685 1965.07000  903.16962  54.0%   353 6148s
 20140  3149  929.24304  102  674 1965.07000  903.16962  54.0%   354 6165s
 20410  3365 1037.91525  104  801 1965.07000  903.16962  54.0%   353 6182s
 20670  3394  929.25001  107  690 1965.07000  903.16962  54.0%   352 6784s
H20678  3394                    1961.2700000  903.16962  53.9%   352 6784s
H20689  3394                    1958.1100000  903.16962  53.9%   352 6785s
H20694  3394                    1956.1900000  903.16962  53.8%   352 6785s
 20704  3828 infeasible  107      1956.19000  903.16962  53.8%   352 6810s
 21211  4362  929.27293  113  670 1956.19000  903.16962  53.8%   347 6832s
 21819  4460  944.44575  123  696 1956.19000  903.16962  53.8%   343 6943s
 21926  4803  944.55110  125  664 1956.19000  903.16962  53.8%   344 7009s
 22306  5289  950.62495  130  712 1956.19000  903.16962  53.8%   342 7049s
 22824  5780  944.74636  134  717 1956.19000  903.16962  53.8%   345 7077s
 23373  6494  944.77120  136  698 1956.19000  903.16962  53.8%   346 7114s
 24191  7229  951.04713  147  671 1956.19000  903.16962  53.8%   344 7144s
 25099  8121  951.04899  164  660 1956.19000  903.16962  53.8%   342 7176s
 26147  8824 infeasible  179      1956.19000  903.16962  53.8%   336 7200s

Cutting planes:
  Learned: 10
  Gomory: 4
  Lift-and-project: 5
  Cover: 225
  Implied bound: 25
  Projected implied bound: 2
  MIR: 204
  StrongCG: 20
  Flow cover: 858
  GUB cover: 12
  Inf proof: 1
  Zero half: 29
  Network: 333
  RLT: 7
  Relax-and-lift: 168

Explored 27029 nodes (9442805 simplex iterations) in 7202.53 seconds (2754.56 work units)
Thread count was 32 (of 96 available processors)

Solution count 10: 1956.19 1958.11 1961.27 ... 2278.61

Time limit reached
Best objective 1.956190000000e+03, best bound 9.031700000000e+02, gap 53.8301%
